Component: ARM Compiler 6.14 Tool: armlink [5db06800]

==============================================================================

Section Cross References

    main.o(.text) refers (Special) to _printf_d.o(.ARM.Collect$$_printf_percent$$00000009) for _printf_d
    main.o(.text) refers (Special) to _printf_dec.o(.text) for _printf_int_dec
    main.o(.text) refers (Special) to _printf_percent.o(.ARM.Collect$$_printf_percent$$00000000) for _printf_percent
    main.o(.text.clk_config) refers (Special) to _printf_d.o(.ARM.Collect$$_printf_percent$$00000009) for _printf_d
    main.o(.text.clk_config) refers (Special) to _printf_dec.o(.text) for _printf_int_dec
    main.o(.text.clk_config) refers (Special) to _printf_percent.o(.ARM.Collect$$_printf_percent$$00000000) for _printf_percent
    main.o(.text.clk_config) refers to system_stm32f3xx.o(.text.SystemCoreClockUpdate) for SystemCoreClockUpdate
    main.o(.ARM.exidx.text.clk_config) refers (Special) to _printf_d.o(.ARM.Collect$$_printf_percent$$00000009) for _printf_d
    main.o(.ARM.exidx.text.clk_config) refers (Special) to _printf_dec.o(.text) for _printf_int_dec
    main.o(.ARM.exidx.text.clk_config) refers (Special) to _printf_percent.o(.ARM.Collect$$_printf_percent$$00000000) for _printf_percent
    main.o(.ARM.exidx.text.clk_config) refers to main.o(.text.clk_config) for [Anonymous Symbol]
    main.o(.text.UsartInit) refers (Special) to _printf_d.o(.ARM.Collect$$_printf_percent$$00000009) for _printf_d
    main.o(.text.UsartInit) refers (Special) to _printf_dec.o(.text) for _printf_int_dec
    main.o(.text.UsartInit) refers (Special) to _printf_percent.o(.ARM.Collect$$_printf_percent$$00000000) for _printf_percent
    main.o(.text.UsartInit) refers to main.o(.text.__NVIC_EnableIRQ) for __NVIC_EnableIRQ
    main.o(.ARM.exidx.text.UsartInit) refers (Special) to _printf_d.o(.ARM.Collect$$_printf_percent$$00000009) for _printf_d
    main.o(.ARM.exidx.text.UsartInit) refers (Special) to _printf_dec.o(.text) for _printf_int_dec
    main.o(.ARM.exidx.text.UsartInit) refers (Special) to _printf_percent.o(.ARM.Collect$$_printf_percent$$00000000) for _printf_percent
    main.o(.ARM.exidx.text.UsartInit) refers to main.o(.text.UsartInit) for [Anonymous Symbol]
    main.o(.text.__NVIC_EnableIRQ) refers (Special) to _printf_d.o(.ARM.Collect$$_printf_percent$$00000009) for _printf_d
    main.o(.text.__NVIC_EnableIRQ) refers (Special) to _printf_dec.o(.text) for _printf_int_dec
    main.o(.text.__NVIC_EnableIRQ) refers (Special) to _printf_percent.o(.ARM.Collect$$_printf_percent$$00000000) for _printf_percent
    main.o(.ARM.exidx.text.__NVIC_EnableIRQ) refers (Special) to _printf_d.o(.ARM.Collect$$_printf_percent$$00000009) for _printf_d
    main.o(.ARM.exidx.text.__NVIC_EnableIRQ) refers (Special) to _printf_dec.o(.text) for _printf_int_dec
    main.o(.ARM.exidx.text.__NVIC_EnableIRQ) refers (Special) to _printf_percent.o(.ARM.Collect$$_printf_percent$$00000000) for _printf_percent
    main.o(.ARM.exidx.text.__NVIC_EnableIRQ) refers to main.o(.text.__NVIC_EnableIRQ) for [Anonymous Symbol]
    main.o(.text.PWM_SetDutyCycle) refers (Special) to _printf_d.o(.ARM.Collect$$_printf_percent$$00000009) for _printf_d
    main.o(.text.PWM_SetDutyCycle) refers (Special) to _printf_dec.o(.text) for _printf_int_dec
    main.o(.text.PWM_SetDutyCycle) refers (Special) to _printf_percent.o(.ARM.Collect$$_printf_percent$$00000000) for _printf_percent
    main.o(.ARM.exidx.text.PWM_SetDutyCycle) refers (Special) to _printf_d.o(.ARM.Collect$$_printf_percent$$00000009) for _printf_d
    main.o(.ARM.exidx.text.PWM_SetDutyCycle) refers (Special) to _printf_dec.o(.text) for _printf_int_dec
    main.o(.ARM.exidx.text.PWM_SetDutyCycle) refers (Special) to _printf_percent.o(.ARM.Collect$$_printf_percent$$00000000) for _printf_percent
    main.o(.ARM.exidx.text.PWM_SetDutyCycle) refers to main.o(.text.PWM_SetDutyCycle) for [Anonymous Symbol]
    main.o(.text.USART1_Send) refers (Special) to _printf_d.o(.ARM.Collect$$_printf_percent$$00000009) for _printf_d
    main.o(.text.USART1_Send) refers (Special) to _printf_dec.o(.text) for _printf_int_dec
    main.o(.text.USART1_Send) refers (Special) to _printf_percent.o(.ARM.Collect$$_printf_percent$$00000000) for _printf_percent
    main.o(.ARM.exidx.text.USART1_Send) refers (Special) to _printf_d.o(.ARM.Collect$$_printf_percent$$00000009) for _printf_d
    main.o(.ARM.exidx.text.USART1_Send) refers (Special) to _printf_dec.o(.text) for _printf_int_dec
    main.o(.ARM.exidx.text.USART1_Send) refers (Special) to _printf_percent.o(.ARM.Collect$$_printf_percent$$00000000) for _printf_percent
    main.o(.ARM.exidx.text.USART1_Send) refers to main.o(.text.USART1_Send) for [Anonymous Symbol]
    main.o(.text.USART1_putString) refers (Special) to _printf_d.o(.ARM.Collect$$_printf_percent$$00000009) for _printf_d
    main.o(.text.USART1_putString) refers (Special) to _printf_dec.o(.text) for _printf_int_dec
    main.o(.text.USART1_putString) refers (Special) to _printf_percent.o(.ARM.Collect$$_printf_percent$$00000000) for _printf_percent
    main.o(.text.USART1_putString) refers to main.o(.text.USART1_Send) for USART1_Send
    main.o(.ARM.exidx.text.USART1_putString) refers (Special) to _printf_d.o(.ARM.Collect$$_printf_percent$$00000009) for _printf_d
    main.o(.ARM.exidx.text.USART1_putString) refers (Special) to _printf_dec.o(.text) for _printf_int_dec
    main.o(.ARM.exidx.text.USART1_putString) refers (Special) to _printf_percent.o(.ARM.Collect$$_printf_percent$$00000000) for _printf_percent
    main.o(.ARM.exidx.text.USART1_putString) refers to main.o(.text.USART1_putString) for [Anonymous Symbol]
    main.o(.text.USART1_IRQHandler) refers (Special) to _printf_d.o(.ARM.Collect$$_printf_percent$$00000009) for _printf_d
    main.o(.text.USART1_IRQHandler) refers (Special) to _printf_dec.o(.text) for _printf_int_dec
    main.o(.text.USART1_IRQHandler) refers (Special) to _printf_percent.o(.ARM.Collect$$_printf_percent$$00000000) for _printf_percent
    main.o(.text.USART1_IRQHandler) refers to main.o(.bss.uart_data) for uart_data
    main.o(.text.USART1_IRQHandler) refers to main.o(.bss.nuevo) for nuevo
    main.o(.ARM.exidx.text.USART1_IRQHandler) refers (Special) to _printf_d.o(.ARM.Collect$$_printf_percent$$00000009) for _printf_d
    main.o(.ARM.exidx.text.USART1_IRQHandler) refers (Special) to _printf_dec.o(.text) for _printf_int_dec
    main.o(.ARM.exidx.text.USART1_IRQHandler) refers (Special) to _printf_percent.o(.ARM.Collect$$_printf_percent$$00000000) for _printf_percent
    main.o(.ARM.exidx.text.USART1_IRQHandler) refers to main.o(.text.USART1_IRQHandler) for [Anonymous Symbol]
    main.o(.text.PWM_Init) refers (Special) to _printf_d.o(.ARM.Collect$$_printf_percent$$00000009) for _printf_d
    main.o(.text.PWM_Init) refers (Special) to _printf_dec.o(.text) for _printf_int_dec
    main.o(.text.PWM_Init) refers (Special) to _printf_percent.o(.ARM.Collect$$_printf_percent$$00000000) for _printf_percent
    main.o(.ARM.exidx.text.PWM_Init) refers (Special) to _printf_d.o(.ARM.Collect$$_printf_percent$$00000009) for _printf_d
    main.o(.ARM.exidx.text.PWM_Init) refers (Special) to _printf_dec.o(.text) for _printf_int_dec
    main.o(.ARM.exidx.text.PWM_Init) refers (Special) to _printf_percent.o(.ARM.Collect$$_printf_percent$$00000000) for _printf_percent
    main.o(.ARM.exidx.text.PWM_Init) refers to main.o(.text.PWM_Init) for [Anonymous Symbol]
    main.o(.text.LDRInit) refers (Special) to _printf_d.o(.ARM.Collect$$_printf_percent$$00000009) for _printf_d
    main.o(.text.LDRInit) refers (Special) to _printf_dec.o(.text) for _printf_int_dec
    main.o(.text.LDRInit) refers (Special) to _printf_percent.o(.ARM.Collect$$_printf_percent$$00000000) for _printf_percent
    main.o(.text.LDRInit) refers to main.o(.text.__NVIC_EnableIRQ) for __NVIC_EnableIRQ
    main.o(.ARM.exidx.text.LDRInit) refers (Special) to _printf_d.o(.ARM.Collect$$_printf_percent$$00000009) for _printf_d
    main.o(.ARM.exidx.text.LDRInit) refers (Special) to _printf_dec.o(.text) for _printf_int_dec
    main.o(.ARM.exidx.text.LDRInit) refers (Special) to _printf_percent.o(.ARM.Collect$$_printf_percent$$00000000) for _printf_percent
    main.o(.ARM.exidx.text.LDRInit) refers to main.o(.text.LDRInit) for [Anonymous Symbol]
    main.o(.text.ADC1_2_IRQHandler) refers (Special) to _printf_d.o(.ARM.Collect$$_printf_percent$$00000009) for _printf_d
    main.o(.text.ADC1_2_IRQHandler) refers (Special) to _printf_dec.o(.text) for _printf_int_dec
    main.o(.text.ADC1_2_IRQHandler) refers (Special) to _printf_percent.o(.ARM.Collect$$_printf_percent$$00000000) for _printf_percent
    main.o(.text.ADC1_2_IRQHandler) refers to main.o(.bss.temp) for temp
    main.o(.ARM.exidx.text.ADC1_2_IRQHandler) refers (Special) to _printf_d.o(.ARM.Collect$$_printf_percent$$00000009) for _printf_d
    main.o(.ARM.exidx.text.ADC1_2_IRQHandler) refers (Special) to _printf_dec.o(.text) for _printf_int_dec
    main.o(.ARM.exidx.text.ADC1_2_IRQHandler) refers (Special) to _printf_percent.o(.ARM.Collect$$_printf_percent$$00000000) for _printf_percent
    main.o(.ARM.exidx.text.ADC1_2_IRQHandler) refers to main.o(.text.ADC1_2_IRQHandler) for [Anonymous Symbol]
    main.o(.text.I2C_Write) refers (Special) to _printf_d.o(.ARM.Collect$$_printf_percent$$00000009) for _printf_d
    main.o(.text.I2C_Write) refers (Special) to _printf_dec.o(.text) for _printf_int_dec
    main.o(.text.I2C_Write) refers (Special) to _printf_percent.o(.ARM.Collect$$_printf_percent$$00000000) for _printf_percent
    main.o(.ARM.exidx.text.I2C_Write) refers (Special) to _printf_d.o(.ARM.Collect$$_printf_percent$$00000009) for _printf_d
    main.o(.ARM.exidx.text.I2C_Write) refers (Special) to _printf_dec.o(.text) for _printf_int_dec
    main.o(.ARM.exidx.text.I2C_Write) refers (Special) to _printf_percent.o(.ARM.Collect$$_printf_percent$$00000000) for _printf_percent
    main.o(.ARM.exidx.text.I2C_Write) refers to main.o(.text.I2C_Write) for [Anonymous Symbol]
    main.o(.text.I2C_Transmit) refers (Special) to _printf_d.o(.ARM.Collect$$_printf_percent$$00000009) for _printf_d
    main.o(.text.I2C_Transmit) refers (Special) to _printf_dec.o(.text) for _printf_int_dec
    main.o(.text.I2C_Transmit) refers (Special) to _printf_percent.o(.ARM.Collect$$_printf_percent$$00000000) for _printf_percent
    main.o(.ARM.exidx.text.I2C_Transmit) refers (Special) to _printf_d.o(.ARM.Collect$$_printf_percent$$00000009) for _printf_d
    main.o(.ARM.exidx.text.I2C_Transmit) refers (Special) to _printf_dec.o(.text) for _printf_int_dec
    main.o(.ARM.exidx.text.I2C_Transmit) refers (Special) to _printf_percent.o(.ARM.Collect$$_printf_percent$$00000000) for _printf_percent
    main.o(.ARM.exidx.text.I2C_Transmit) refers to main.o(.text.I2C_Transmit) for [Anonymous Symbol]
    main.o(.text.SysTick_Handler) refers (Special) to _printf_d.o(.ARM.Collect$$_printf_percent$$00000009) for _printf_d
    main.o(.text.SysTick_Handler) refers (Special) to _printf_dec.o(.text) for _printf_int_dec
    main.o(.text.SysTick_Handler) refers (Special) to _printf_percent.o(.ARM.Collect$$_printf_percent$$00000000) for _printf_percent
    main.o(.text.SysTick_Handler) refers to main.o(.bss.nLetra) for nLetra
    main.o(.text.SysTick_Handler) refers to main.o(.bss.escribiendo) for escribiendo
    main.o(.text.SysTick_Handler) refers to main.o(.bss.msTicks2) for msTicks2
    main.o(.text.SysTick_Handler) refers to main.o(.text.USART1_putString) for USART1_putString
    main.o(.text.SysTick_Handler) refers to main.o(.bss.msTicks) for msTicks
    main.o(.text.SysTick_Handler) refers to main.o(.data.espera) for espera
    main.o(.text.SysTick_Handler) refers to main.o(.rodata.str1.1) for .L.str
    main.o(.text.SysTick_Handler) refers to main.o(.bss.uart_data) for uart_data
    main.o(.text.SysTick_Handler) refers to main.o(.bss.buf) for buf
    main.o(.text.SysTick_Handler) refers to noretval__2sprintf.o(.text) for __2sprintf
    main.o(.text.SysTick_Handler) refers to main.o(.bss.temp) for temp
    main.o(.ARM.exidx.text.SysTick_Handler) refers (Special) to _printf_d.o(.ARM.Collect$$_printf_percent$$00000009) for _printf_d
    main.o(.ARM.exidx.text.SysTick_Handler) refers (Special) to _printf_dec.o(.text) for _printf_int_dec
    main.o(.ARM.exidx.text.SysTick_Handler) refers (Special) to _printf_percent.o(.ARM.Collect$$_printf_percent$$00000000) for _printf_percent
    main.o(.ARM.exidx.text.SysTick_Handler) refers to main.o(.text.SysTick_Handler) for [Anonymous Symbol]
    main.o(.text.I2C_Config) refers (Special) to _printf_d.o(.ARM.Collect$$_printf_percent$$00000009) for _printf_d
    main.o(.text.I2C_Config) refers (Special) to _printf_dec.o(.text) for _printf_int_dec
    main.o(.text.I2C_Config) refers (Special) to _printf_percent.o(.ARM.Collect$$_printf_percent$$00000000) for _printf_percent
    main.o(.ARM.exidx.text.I2C_Config) refers (Special) to _printf_d.o(.ARM.Collect$$_printf_percent$$00000009) for _printf_d
    main.o(.ARM.exidx.text.I2C_Config) refers (Special) to _printf_dec.o(.text) for _printf_int_dec
    main.o(.ARM.exidx.text.I2C_Config) refers (Special) to _printf_percent.o(.ARM.Collect$$_printf_percent$$00000000) for _printf_percent
    main.o(.ARM.exidx.text.I2C_Config) refers to main.o(.text.I2C_Config) for [Anonymous Symbol]
    main.o(.text.main) refers (Special) to _printf_d.o(.ARM.Collect$$_printf_percent$$00000009) for _printf_d
    main.o(.text.main) refers (Special) to _printf_dec.o(.text) for _printf_int_dec
    main.o(.text.main) refers (Special) to _printf_percent.o(.ARM.Collect$$_printf_percent$$00000000) for _printf_percent
    main.o(.text.main) refers to main.o(.text.clk_config) for clk_config
    main.o(.text.main) refers to system_stm32f3xx.o(.data.SystemCoreClock) for SystemCoreClock
    main.o(.text.main) refers to main.o(.text.SysTick_Config) for SysTick_Config
    main.o(.text.main) refers to main.o(.text.UsartInit) for UsartInit
    main.o(.text.main) refers to main.o(.text.LDRInit) for LDRInit
    main.o(.text.main) refers to main.o(.text.PWM_Init) for PWM_Init
    main.o(.text.main) refers to main.o(.text.I2C_Config) for I2C_Config
    main.o(.text.main) refers to main.o(.bss.nuevo) for nuevo
    main.o(.text.main) refers to main.o(.bss.nLetra) for nLetra
    main.o(.text.main) refers to main.o(.bss.uart_data) for uart_data
    main.o(.text.main) refers to main.o(.bss.msTicks2) for msTicks2
    main.o(.text.main) refers to main.o(.text.I2C_Transmit) for I2C_Transmit
    main.o(.text.main) refers to main.o(.text.I2C_Write) for I2C_Write
    main.o(.text.main) refers to main.o(.text.PWM_SetDutyCycle) for PWM_SetDutyCycle
    main.o(.ARM.exidx.text.main) refers (Special) to _printf_d.o(.ARM.Collect$$_printf_percent$$00000009) for _printf_d
    main.o(.ARM.exidx.text.main) refers (Special) to _printf_dec.o(.text) for _printf_int_dec
    main.o(.ARM.exidx.text.main) refers (Special) to _printf_percent.o(.ARM.Collect$$_printf_percent$$00000000) for _printf_percent
    main.o(.ARM.exidx.text.main) refers to main.o(.text.main) for [Anonymous Symbol]
    main.o(.text.SysTick_Config) refers (Special) to _printf_d.o(.ARM.Collect$$_printf_percent$$00000009) for _printf_d
    main.o(.text.SysTick_Config) refers (Special) to _printf_dec.o(.text) for _printf_int_dec
    main.o(.text.SysTick_Config) refers (Special) to _printf_percent.o(.ARM.Collect$$_printf_percent$$00000000) for _printf_percent
    main.o(.text.SysTick_Config) refers to main.o(.text.__NVIC_SetPriority) for __NVIC_SetPriority
    main.o(.ARM.exidx.text.SysTick_Config) refers (Special) to _printf_d.o(.ARM.Collect$$_printf_percent$$00000009) for _printf_d
    main.o(.ARM.exidx.text.SysTick_Config) refers (Special) to _printf_dec.o(.text) for _printf_int_dec
    main.o(.ARM.exidx.text.SysTick_Config) refers (Special) to _printf_percent.o(.ARM.Collect$$_printf_percent$$00000000) for _printf_percent
    main.o(.ARM.exidx.text.SysTick_Config) refers to main.o(.text.SysTick_Config) for [Anonymous Symbol]
    main.o(.text.__NVIC_SetPriority) refers (Special) to _printf_d.o(.ARM.Collect$$_printf_percent$$00000009) for _printf_d
    main.o(.text.__NVIC_SetPriority) refers (Special) to _printf_dec.o(.text) for _printf_int_dec
    main.o(.text.__NVIC_SetPriority) refers (Special) to _printf_percent.o(.ARM.Collect$$_printf_percent$$00000000) for _printf_percent
    main.o(.ARM.exidx.text.__NVIC_SetPriority) refers (Special) to _printf_d.o(.ARM.Collect$$_printf_percent$$00000009) for _printf_d
    main.o(.ARM.exidx.text.__NVIC_SetPriority) refers (Special) to _printf_dec.o(.text) for _printf_int_dec
    main.o(.ARM.exidx.text.__NVIC_SetPriority) refers (Special) to _printf_percent.o(.ARM.Collect$$_printf_percent$$00000000) for _printf_percent
    main.o(.ARM.exidx.text.__NVIC_SetPriority) refers to main.o(.text.__NVIC_SetPriority) for [Anonymous Symbol]
    main.o(.bss.msTicks) refers (Special) to _printf_d.o(.ARM.Collect$$_printf_percent$$00000009) for _printf_d
    main.o(.bss.msTicks) refers (Special) to _printf_dec.o(.text) for _printf_int_dec
    main.o(.bss.msTicks) refers (Special) to _printf_percent.o(.ARM.Collect$$_printf_percent$$00000000) for _printf_percent
    main.o(.bss.msTicks2) refers (Special) to _printf_d.o(.ARM.Collect$$_printf_percent$$00000009) for _printf_d
    main.o(.bss.msTicks2) refers (Special) to _printf_dec.o(.text) for _printf_int_dec
    main.o(.bss.msTicks2) refers (Special) to _printf_percent.o(.ARM.Collect$$_printf_percent$$00000000) for _printf_percent
    main.o(.bss.temp) refers (Special) to _printf_d.o(.ARM.Collect$$_printf_percent$$00000009) for _printf_d
    main.o(.bss.temp) refers (Special) to _printf_dec.o(.text) for _printf_int_dec
    main.o(.bss.temp) refers (Special) to _printf_percent.o(.ARM.Collect$$_printf_percent$$00000000) for _printf_percent
    main.o(.bss.nuevo) refers (Special) to _printf_d.o(.ARM.Collect$$_printf_percent$$00000009) for _printf_d
    main.o(.bss.nuevo) refers (Special) to _printf_dec.o(.text) for _printf_int_dec
    main.o(.bss.nuevo) refers (Special) to _printf_percent.o(.ARM.Collect$$_printf_percent$$00000000) for _printf_percent
    main.o(.bss.escribiendo) refers (Special) to _printf_d.o(.ARM.Collect$$_printf_percent$$00000009) for _printf_d
    main.o(.bss.escribiendo) refers (Special) to _printf_dec.o(.text) for _printf_int_dec
    main.o(.bss.escribiendo) refers (Special) to _printf_percent.o(.ARM.Collect$$_printf_percent$$00000000) for _printf_percent
    main.o(.bss.nLetra) refers (Special) to _printf_d.o(.ARM.Collect$$_printf_percent$$00000009) for _printf_d
    main.o(.bss.nLetra) refers (Special) to _printf_dec.o(.text) for _printf_int_dec
    main.o(.bss.nLetra) refers (Special) to _printf_percent.o(.ARM.Collect$$_printf_percent$$00000000) for _printf_percent
    main.o(.bss.letra) refers (Special) to _printf_d.o(.ARM.Collect$$_printf_percent$$00000009) for _printf_d
    main.o(.bss.letra) refers (Special) to _printf_dec.o(.text) for _printf_int_dec
    main.o(.bss.letra) refers (Special) to _printf_percent.o(.ARM.Collect$$_printf_percent$$00000000) for _printf_percent
    main.o(.bss.uart_data) refers (Special) to _printf_d.o(.ARM.Collect$$_printf_percent$$00000009) for _printf_d
    main.o(.bss.uart_data) refers (Special) to _printf_dec.o(.text) for _printf_int_dec
    main.o(.bss.uart_data) refers (Special) to _printf_percent.o(.ARM.Collect$$_printf_percent$$00000000) for _printf_percent
    main.o(.data.espera) refers (Special) to _printf_d.o(.ARM.Collect$$_printf_percent$$00000009) for _printf_d
    main.o(.data.espera) refers (Special) to _printf_dec.o(.text) for _printf_int_dec
    main.o(.data.espera) refers (Special) to _printf_percent.o(.ARM.Collect$$_printf_percent$$00000000) for _printf_percent
    main.o(.rodata.str1.1) refers (Special) to _printf_d.o(.ARM.Collect$$_printf_percent$$00000009) for _printf_d
    main.o(.rodata.str1.1) refers (Special) to _printf_dec.o(.text) for _printf_int_dec
    main.o(.rodata.str1.1) refers (Special) to _printf_percent.o(.ARM.Collect$$_printf_percent$$00000000) for _printf_percent
    main.o(.bss.buf) refers (Special) to _printf_d.o(.ARM.Collect$$_printf_percent$$00000009) for _printf_d
    main.o(.bss.buf) refers (Special) to _printf_dec.o(.text) for _printf_int_dec
    main.o(.bss.buf) refers (Special) to _printf_percent.o(.ARM.Collect$$_printf_percent$$00000000) for _printf_percent
    main.o(.bss.rojo) refers (Special) to _printf_d.o(.ARM.Collect$$_printf_percent$$00000009) for _printf_d
    main.o(.bss.rojo) refers (Special) to _printf_dec.o(.text) for _printf_int_dec
    main.o(.bss.rojo) refers (Special) to _printf_percent.o(.ARM.Collect$$_printf_percent$$00000000) for _printf_percent
    main.o(.bss.verde) refers (Special) to _printf_d.o(.ARM.Collect$$_printf_percent$$00000009) for _printf_d
    main.o(.bss.verde) refers (Special) to _printf_dec.o(.text) for _printf_int_dec
    main.o(.bss.verde) refers (Special) to _printf_percent.o(.ARM.Collect$$_printf_percent$$00000000) for _printf_percent
    main.o(.bss.azul) refers (Special) to _printf_d.o(.ARM.Collect$$_printf_percent$$00000009) for _printf_d
    main.o(.bss.azul) refers (Special) to _printf_dec.o(.text) for _printf_int_dec
    main.o(.bss.azul) refers (Special) to _printf_percent.o(.ARM.Collect$$_printf_percent$$00000000) for _printf_percent
    main.o(.bss.guardar) refers (Special) to _printf_d.o(.ARM.Collect$$_printf_percent$$00000009) for _printf_d
    main.o(.bss.guardar) refers (Special) to _printf_dec.o(.text) for _printf_int_dec
    main.o(.bss.guardar) refers (Special) to _printf_percent.o(.ARM.Collect$$_printf_percent$$00000000) for _printf_percent
    main.o(.ARM.use_no_argv) refers (Special) to _printf_d.o(.ARM.Collect$$_printf_percent$$00000009) for _printf_d
    main.o(.ARM.use_no_argv) refers (Special) to _printf_dec.o(.text) for _printf_int_dec
    main.o(.ARM.use_no_argv) refers (Special) to _printf_percent.o(.ARM.Collect$$_printf_percent$$00000000) for _printf_percent
    startup_stm32f303x8.o(STACK) refers (Special) to heapauxi.o(.text) for __use_two_region_memory
    startup_stm32f303x8.o(HEAP) refers (Special) to heapauxi.o(.text) for __use_two_region_memory
    startup_stm32f303x8.o(RESET) refers (Special) to heapauxi.o(.text) for __use_two_region_memory
    startup_stm32f303x8.o(RESET) refers to startup_stm32f303x8.o(STACK) for __initial_sp
    startup_stm32f303x8.o(RESET) refers to startup_stm32f303x8.o(.text) for Reset_Handler
    startup_stm32f303x8.o(RESET) refers to main.o(.text.SysTick_Handler) for SysTick_Handler
    startup_stm32f303x8.o(RESET) refers to main.o(.text.ADC1_2_IRQHandler) for ADC1_2_IRQHandler
    startup_stm32f303x8.o(RESET) refers to main.o(.text.USART1_IRQHandler) for USART1_IRQHandler
    startup_stm32f303x8.o(.text) refers (Special) to heapauxi.o(.text) for __use_two_region_memory
    startup_stm32f303x8.o(.text) refers to system_stm32f3xx.o(.text.SystemInit) for SystemInit
    startup_stm32f303x8.o(.text) refers to __main.o(!!!main) for __main
    startup_stm32f303x8.o(.text) refers to startup_stm32f303x8.o(HEAP) for Heap_Mem
    startup_stm32f303x8.o(.text) refers to startup_stm32f303x8.o(STACK) for Stack_Mem
    system_stm32f3xx.o(.ARM.exidx.text.SystemInit) refers to system_stm32f3xx.o(.text.SystemInit) for [Anonymous Symbol]
    system_stm32f3xx.o(.text.SystemCoreClockUpdate) refers to system_stm32f3xx.o(.data.SystemCoreClock) for SystemCoreClock
    system_stm32f3xx.o(.text.SystemCoreClockUpdate) refers to system_stm32f3xx.o(.rodata.AHBPrescTable) for AHBPrescTable
    system_stm32f3xx.o(.ARM.exidx.text.SystemCoreClockUpdate) refers to system_stm32f3xx.o(.text.SystemCoreClockUpdate) for [Anonymous Symbol]
    __2sprintf.o(.text) refers to _printf_char_common.o(.text) for _printf_char_common
    __2sprintf.o(.text) refers to _sputc.o(.text) for _sputc
    noretval__2sprintf.o(.text) refers to _printf_char_common.o(.text) for _printf_char_common
    noretval__2sprintf.o(.text) refers to _sputc.o(.text) for _sputc
    __printf.o(.text) refers to _printf_percent.o(.ARM.Collect$$_printf_percent$$00000000) for _printf_percent
    _printf_dec.o(.text) refers to _printf_intcommon.o(.text) for _printf_int_common
    __printf_flags.o(.text) refers to _printf_percent.o(.ARM.Collect$$_printf_percent$$00000000) for _printf_percent
    __printf_flags.o(.text) refers to __printf_flags.o(.constdata) for .constdata
    __printf_ss.o(.text) refers to _printf_percent.o(.ARM.Collect$$_printf_percent$$00000000) for _printf_percent
    __printf_flags_ss.o(.text) refers to _printf_percent.o(.ARM.Collect$$_printf_percent$$00000000) for _printf_percent
    __printf_flags_ss.o(.text) refers to __printf_flags_ss.o(.constdata) for .constdata
    __printf_wp.o(.text) refers to __printf_wp.o(i._is_digit) for _is_digit
    __printf_wp.o(.text) refers to _printf_percent.o(.ARM.Collect$$_printf_percent$$00000000) for _printf_percent
    __printf_flags_wp.o(.text) refers to __printf_wp.o(i._is_digit) for _is_digit
    __printf_flags_wp.o(.text) refers to _printf_percent.o(.ARM.Collect$$_printf_percent$$00000000) for _printf_percent
    __printf_flags_wp.o(.text) refers to __printf_flags_wp.o(.constdata) for .constdata
    __printf_ss_wp.o(.text) refers to __printf_wp.o(i._is_digit) for _is_digit
    __printf_ss_wp.o(.text) refers to _printf_percent.o(.ARM.Collect$$_printf_percent$$00000000) for _printf_percent
    __printf_flags_ss_wp.o(.text) refers to __printf_wp.o(i._is_digit) for _is_digit
    __printf_flags_ss_wp.o(.text) refers to _printf_percent.o(.ARM.Collect$$_printf_percent$$00000000) for _printf_percent
    __printf_flags_ss_wp.o(.text) refers to __printf_flags_ss_wp.o(.constdata) for .constdata
    _printf_d.o(.ARM.Collect$$_printf_percent$$00000009) refers (Weak) to _printf_dec.o(.text) for _printf_int_dec
    _printf_percent.o(.ARM.Collect$$_printf_percent$$00000000) refers (Special) to _printf_percent_end.o(.ARM.Collect$$_printf_percent$$00000017) for _printf_percent_end
    __main.o(!!!main) refers to __rtentry.o(.ARM.Collect$$rtentry$$00000000) for __rt_entry
    __rtentry.o(.ARM.Collect$$rtentry$$00000000) refers (Special) to __rtentry2.o(.ARM.Collect$$rtentry$$0000000A) for __rt_entry_li
    __rtentry.o(.ARM.Collect$$rtentry$$00000000) refers (Special) to __rtentry2.o(.ARM.Collect$$rtentry$$0000000D) for __rt_entry_main
    __rtentry.o(.ARM.Collect$$rtentry$$00000000) refers (Special) to __rtentry2.o(.ARM.Collect$$rtentry$$0000000C) for __rt_entry_postli_1
    __rtentry.o(.ARM.Collect$$rtentry$$00000000) refers (Special) to __rtentry2.o(.ARM.Collect$$rtentry$$00000009) for __rt_entry_postsh_1
    __rtentry.o(.ARM.Collect$$rtentry$$00000000) refers (Special) to __rtentry2.o(.ARM.Collect$$rtentry$$00000002) for __rt_entry_presh_1
    __rtentry.o(.ARM.Collect$$rtentry$$00000000) refers (Special) to __rtentry4.o(.ARM.Collect$$rtentry$$00000004) for __rt_entry_sh
    _printf_char_common.o(.text) refers to __printf.o(.text) for __printf
    __rtentry2.o(.ARM.Collect$$rtentry$$00000008) refers to boardinit2.o(.text) for _platform_post_stackheap_init
    __rtentry2.o(.ARM.Collect$$rtentry$$0000000A) refers to libinit.o(.ARM.Collect$$libinit$$00000000) for __rt_lib_init
    __rtentry2.o(.ARM.Collect$$rtentry$$0000000B) refers to boardinit3.o(.text) for _platform_post_lib_init
    __rtentry2.o(.ARM.Collect$$rtentry$$0000000D) refers to main.o(.text.main) for main
    __rtentry2.o(.ARM.Collect$$rtentry$$0000000D) refers to exit.o(.text) for exit
    __rtentry2.o(.ARM.exidx) refers to __rtentry2.o(.ARM.Collect$$rtentry$$00000001) for .ARM.Collect$$rtentry$$00000001
    __rtentry2.o(.ARM.exidx) refers to __rtentry2.o(.ARM.Collect$$rtentry$$00000008) for .ARM.Collect$$rtentry$$00000008
    __rtentry2.o(.ARM.exidx) refers to __rtentry2.o(.ARM.Collect$$rtentry$$0000000A) for .ARM.Collect$$rtentry$$0000000A
    __rtentry2.o(.ARM.exidx) refers to __rtentry2.o(.ARM.Collect$$rtentry$$0000000B) for .ARM.Collect$$rtentry$$0000000B
    __rtentry2.o(.ARM.exidx) refers to __rtentry2.o(.ARM.Collect$$rtentry$$0000000D) for .ARM.Collect$$rtentry$$0000000D
    __rtentry4.o(.ARM.Collect$$rtentry$$00000004) refers to sys_stackheap_outer.o(.text) for __user_setup_stackheap
    __rtentry4.o(.ARM.exidx) refers to __rtentry4.o(.ARM.Collect$$rtentry$$00000004) for .ARM.Collect$$rtentry$$00000004
    sys_stackheap_outer.o(.text) refers to libspace.o(.text) for __user_perproc_libspace
    sys_stackheap_outer.o(.text) refers to startup_stm32f303x8.o(.text) for __user_initial_stackheap
    exit.o(.text) refers to rtexit.o(.ARM.Collect$$rtexit$$00000000) for __rt_exit
    libinit.o(.ARM.Collect$$libinit$$00000000) refers (Special) to libinit2.o(.ARM.Collect$$libinit$$0000002E) for __rt_lib_init_alloca_1
    libinit.o(.ARM.Collect$$libinit$$00000000) refers (Special) to libinit2.o(.ARM.Collect$$libinit$$0000002C) for __rt_lib_init_argv_1
    libinit.o(.ARM.Collect$$libinit$$00000000) refers (Special) to libinit2.o(.ARM.Collect$$libinit$$0000001B) for __rt_lib_init_atexit_1
    libinit.o(.ARM.Collect$$libinit$$00000000) refers (Special) to libinit2.o(.ARM.Collect$$libinit$$00000021) for __rt_lib_init_clock_1
    libinit.o(.ARM.Collect$$libinit$$00000000) refers (Special) to libinit2.o(.ARM.Collect$$libinit$$00000032) for __rt_lib_init_cpp_1
    libinit.o(.ARM.Collect$$libinit$$00000000) refers (Special) to libinit2.o(.ARM.Collect$$libinit$$00000030) for __rt_lib_init_exceptions_1
    libinit.o(.ARM.Collect$$libinit$$00000000) refers (Special) to libinit2.o(.ARM.Collect$$libinit$$00000001) for __rt_lib_init_fp_1
    libinit.o(.ARM.Collect$$libinit$$00000000) refers (Special) to libinit2.o(.ARM.Collect$$libinit$$0000001F) for __rt_lib_init_fp_trap_1
    libinit.o(.ARM.Collect$$libinit$$00000000) refers (Special) to libinit2.o(.ARM.Collect$$libinit$$00000023) for __rt_lib_init_getenv_1
    libinit.o(.ARM.Collect$$libinit$$00000000) refers (Special) to libinit2.o(.ARM.Collect$$libinit$$0000000A) for __rt_lib_init_heap_1
    libinit.o(.ARM.Collect$$libinit$$00000000) refers (Special) to libinit2.o(.ARM.Collect$$libinit$$00000011) for __rt_lib_init_lc_collate_1
    libinit.o(.ARM.Collect$$libinit$$00000000) refers (Special) to libinit2.o(.ARM.Collect$$libinit$$00000013) for __rt_lib_init_lc_ctype_1
    libinit.o(.ARM.Collect$$libinit$$00000000) refers (Special) to libinit2.o(.ARM.Collect$$libinit$$00000015) for __rt_lib_init_lc_monetary_1
    libinit.o(.ARM.Collect$$libinit$$00000000) refers (Special) to libinit2.o(.ARM.Collect$$libinit$$00000017) for __rt_lib_init_lc_numeric_1
    libinit.o(.ARM.Collect$$libinit$$00000000) refers (Special) to libinit2.o(.ARM.Collect$$libinit$$00000019) for __rt_lib_init_lc_time_1
    libinit.o(.ARM.Collect$$libinit$$00000000) refers (Special) to libinit2.o(.ARM.Collect$$libinit$$00000004) for __rt_lib_init_preinit_1
    libinit.o(.ARM.Collect$$libinit$$00000000) refers (Special) to libinit2.o(.ARM.Collect$$libinit$$0000000E) for __rt_lib_init_rand_1
    libinit.o(.ARM.Collect$$libinit$$00000000) refers (Special) to libinit2.o(.ARM.Collect$$libinit$$00000033) for __rt_lib_init_return
    libinit.o(.ARM.Collect$$libinit$$00000000) refers (Special) to libinit2.o(.ARM.Collect$$libinit$$0000001D) for __rt_lib_init_signal_1
    libinit.o(.ARM.Collect$$libinit$$00000000) refers (Special) to libinit2.o(.ARM.Collect$$libinit$$00000025) for __rt_lib_init_stdio_1
    libinit.o(.ARM.Collect$$libinit$$00000000) refers (Special) to libinit2.o(.ARM.Collect$$libinit$$0000000C) for __rt_lib_init_user_alloc_1
    libspace.o(.text) refers to libspace.o(.bss) for __libspace_start
    rtexit.o(.ARM.Collect$$rtexit$$00000000) refers (Special) to rtexit2.o(.ARM.Collect$$rtexit$$00000004) for __rt_exit_exit
    rtexit.o(.ARM.Collect$$rtexit$$00000000) refers (Special) to rtexit2.o(.ARM.Collect$$rtexit$$00000003) for __rt_exit_ls
    rtexit.o(.ARM.Collect$$rtexit$$00000000) refers (Special) to rtexit2.o(.ARM.Collect$$rtexit$$00000002) for __rt_exit_prels_1
    rtexit.o(.ARM.exidx) refers (Special) to rtexit2.o(.ARM.Collect$$rtexit$$00000004) for __rt_exit_exit
    rtexit.o(.ARM.exidx) refers (Special) to rtexit2.o(.ARM.Collect$$rtexit$$00000003) for __rt_exit_ls
    rtexit.o(.ARM.exidx) refers (Special) to rtexit2.o(.ARM.Collect$$rtexit$$00000002) for __rt_exit_prels_1
    rtexit.o(.ARM.exidx) refers to rtexit.o(.ARM.Collect$$rtexit$$00000000) for .ARM.Collect$$rtexit$$00000000
    libinit2.o(.ARM.Collect$$libinit$$00000001) refers to fpinit.o(x$fpl$fpinit) for _fp_init
    libinit2.o(.ARM.Collect$$libinit$$00000010) refers to libinit2.o(.ARM.Collect$$libinit$$0000000F) for .ARM.Collect$$libinit$$0000000F
    libinit2.o(.ARM.Collect$$libinit$$00000012) refers to libinit2.o(.ARM.Collect$$libinit$$0000000F) for .ARM.Collect$$libinit$$0000000F
    libinit2.o(.ARM.Collect$$libinit$$00000014) refers to libinit2.o(.ARM.Collect$$libinit$$0000000F) for .ARM.Collect$$libinit$$0000000F
    libinit2.o(.ARM.Collect$$libinit$$00000016) refers to libinit2.o(.ARM.Collect$$libinit$$0000000F) for .ARM.Collect$$libinit$$0000000F
    libinit2.o(.ARM.Collect$$libinit$$00000018) refers to libinit2.o(.ARM.Collect$$libinit$$0000000F) for .ARM.Collect$$libinit$$0000000F
    libinit2.o(.ARM.Collect$$libinit$$00000026) refers to argv_veneer.o(.emb_text) for __ARM_argv_veneer
    libinit2.o(.ARM.Collect$$libinit$$00000027) refers to argv_veneer.o(.emb_text) for __ARM_argv_veneer
    rtexit2.o(.ARM.Collect$$rtexit$$00000003) refers to libshutdown.o(.ARM.Collect$$libshutdown$$00000000) for __rt_lib_shutdown
    rtexit2.o(.ARM.Collect$$rtexit$$00000004) refers to sys_exit.o(.text) for _sys_exit
    rtexit2.o(.ARM.exidx) refers to rtexit2.o(.ARM.Collect$$rtexit$$00000001) for .ARM.Collect$$rtexit$$00000001
    rtexit2.o(.ARM.exidx) refers to rtexit2.o(.ARM.Collect$$rtexit$$00000003) for .ARM.Collect$$rtexit$$00000003
    rtexit2.o(.ARM.exidx) refers to rtexit2.o(.ARM.Collect$$rtexit$$00000004) for .ARM.Collect$$rtexit$$00000004
    argv_veneer.o(.emb_text) refers to no_argv.o(.text) for __ARM_get_argv
    sys_exit.o(.text) refers (Special) to use_no_semi.o(.text) for __I$use$semihosting
    sys_exit.o(.text) refers (Special) to indicate_semi.o(.text) for __semihosting_library_function
    sys_exit_hlt.o(.text) refers (Special) to use_no_semi.o(.text) for __I$use$semihosting
    sys_exit_hlt.o(.text) refers (Special) to indicate_semi.o(.text) for __semihosting_library_function
    _get_argv_nomalloc.o(.text) refers (Special) to hrguard.o(.text) for __heap_region$guard
    _get_argv_nomalloc.o(.text) refers to defsig_rtmem_outer.o(.text) for __rt_SIGRTMEM
    _get_argv_nomalloc.o(.text) refers to sys_command.o(.text) for _sys_command_string
    libshutdown.o(.ARM.Collect$$libshutdown$$00000000) refers (Special) to libshutdown2.o(.ARM.Collect$$libshutdown$$00000002) for __rt_lib_shutdown_cpp_1
    libshutdown.o(.ARM.Collect$$libshutdown$$00000000) refers (Special) to libshutdown2.o(.ARM.Collect$$libshutdown$$00000007) for __rt_lib_shutdown_fp_trap_1
    libshutdown.o(.ARM.Collect$$libshutdown$$00000000) refers (Special) to libshutdown2.o(.ARM.Collect$$libshutdown$$0000000F) for __rt_lib_shutdown_heap_1
    libshutdown.o(.ARM.Collect$$libshutdown$$00000000) refers (Special) to libshutdown2.o(.ARM.Collect$$libshutdown$$00000010) for __rt_lib_shutdown_return
    libshutdown.o(.ARM.Collect$$libshutdown$$00000000) refers (Special) to libshutdown2.o(.ARM.Collect$$libshutdown$$0000000A) for __rt_lib_shutdown_signal_1
    libshutdown.o(.ARM.Collect$$libshutdown$$00000000) refers (Special) to libshutdown2.o(.ARM.Collect$$libshutdown$$00000004) for __rt_lib_shutdown_stdio_1
    libshutdown.o(.ARM.Collect$$libshutdown$$00000000) refers (Special) to libshutdown2.o(.ARM.Collect$$libshutdown$$0000000C) for __rt_lib_shutdown_user_alloc_1
    sys_command.o(.text) refers (Special) to use_no_semi.o(.text) for __I$use$semihosting
    sys_command.o(.text) refers (Special) to indicate_semi.o(.text) for __semihosting_library_function
    sys_command_hlt.o(.text) refers (Special) to use_no_semi.o(.text) for __I$use$semihosting
    sys_command_hlt.o(.text) refers (Special) to indicate_semi.o(.text) for __semihosting_library_function
    defsig_rtmem_outer.o(.text) refers to defsig_rtmem_inner.o(.text) for __rt_SIGRTMEM_inner
    defsig_rtmem_outer.o(.text) refers to defsig_exit.o(.text) for __sig_exit
    defsig_rtmem_formal.o(.text) refers to rt_raise.o(.text) for __rt_raise
    rt_raise.o(.text) refers to __raise.o(.text) for __raise
    rt_raise.o(.text) refers to sys_exit.o(.text) for _sys_exit
    defsig_exit.o(.text) refers to sys_exit.o(.text) for _sys_exit
    defsig_rtmem_inner.o(.text) refers to defsig_general.o(.text) for __default_signal_display
    __raise.o(.text) refers to defsig.o(CL$$defsig) for __default_signal_handler
    defsig_general.o(.text) refers to sys_wrch.o(.text) for _ttywrch
    sys_wrch.o(.text) refers (Special) to use_no_semi.o(.text) for __I$use$semihosting
    sys_wrch.o(.text) refers (Special) to indicate_semi.o(.text) for __semihosting_library_function
    sys_wrch_hlt.o(.text) refers (Special) to use_no_semi.o(.text) for __I$use$semihosting
    sys_wrch_hlt.o(.text) refers (Special) to indicate_semi.o(.text) for __semihosting_library_function
    defsig.o(CL$$defsig) refers to defsig_rtmem_inner.o(.text) for __rt_SIGRTMEM_inner
    defsig_abrt_inner.o(.text) refers to defsig_general.o(.text) for __default_signal_display
    defsig_fpe_inner.o(.text) refers to defsig_general.o(.text) for __default_signal_display
    defsig_rtred_inner.o(.text) refers to defsig_general.o(.text) for __default_signal_display
    defsig_stak_inner.o(.text) refers to defsig_general.o(.text) for __default_signal_display
    defsig_pvfn_inner.o(.text) refers to defsig_general.o(.text) for __default_signal_display
    defsig_cppl_inner.o(.text) refers to defsig_general.o(.text) for __default_signal_display
    defsig_segv_inner.o(.text) refers to defsig_general.o(.text) for __default_signal_display
    defsig_other.o(.text) refers to defsig_general.o(.text) for __default_signal_display


==============================================================================

Removing Unused input sections from the image.

    Removing main.o(.text), (0 bytes).
    Removing main.o(.ARM.exidx.text.clk_config), (8 bytes).
    Removing main.o(.ARM.exidx.text.UsartInit), (8 bytes).
    Removing main.o(.ARM.exidx.text.__NVIC_EnableIRQ), (8 bytes).
    Removing main.o(.ARM.exidx.text.PWM_SetDutyCycle), (8 bytes).
    Removing main.o(.ARM.exidx.text.USART1_Send), (8 bytes).
    Removing main.o(.ARM.exidx.text.USART1_putString), (8 bytes).
    Removing main.o(.ARM.exidx.text.USART1_IRQHandler), (8 bytes).
    Removing main.o(.ARM.exidx.text.PWM_Init), (8 bytes).
    Removing main.o(.ARM.exidx.text.LDRInit), (8 bytes).
    Removing main.o(.ARM.exidx.text.ADC1_2_IRQHandler), (8 bytes).
    Removing main.o(.ARM.exidx.text.I2C_Write), (8 bytes).
    Removing main.o(.ARM.exidx.text.I2C_Transmit), (8 bytes).
    Removing main.o(.ARM.exidx.text.SysTick_Handler), (8 bytes).
    Removing main.o(.ARM.exidx.text.I2C_Config), (8 bytes).
    Removing main.o(.ARM.exidx.text.main), (8 bytes).
    Removing main.o(.ARM.exidx.text.SysTick_Config), (8 bytes).
    Removing main.o(.ARM.exidx.text.__NVIC_SetPriority), (8 bytes).
    Removing main.o(.bss.letra), (1 bytes).
    Removing main.o(.bss.rojo), (1 bytes).
    Removing main.o(.bss.verde), (1 bytes).
    Removing main.o(.bss.azul), (1 bytes).
    Removing main.o(.bss.guardar), (4 bytes).
    Removing main.o(.ARM.use_no_argv), (4 bytes).
    Removing system_stm32f3xx.o(.text), (0 bytes).
    Removing system_stm32f3xx.o(.ARM.exidx.text.SystemInit), (8 bytes).
    Removing system_stm32f3xx.o(.ARM.exidx.text.SystemCoreClockUpdate), (8 bytes).
    Removing system_stm32f3xx.o(.rodata.APBPrescTable), (8 bytes).

28 unused section(s) (total 172 bytes) removed from the image.

==============================================================================

Image Symbol Table

    Local Symbols

    Symbol Name                              Value     Ov Type        Size  Object(Section)

    ../clib/angel/boardlib.s                 0x00000000   Number         0  boardinit1.o ABSOLUTE
    ../clib/angel/boardlib.s                 0x00000000   Number         0  boardinit2.o ABSOLUTE
    ../clib/angel/boardlib.s                 0x00000000   Number         0  boardinit3.o ABSOLUTE
    ../clib/angel/boardlib.s                 0x00000000   Number         0  boardshut.o ABSOLUTE
    ../clib/angel/handlers.s                 0x00000000   Number         0  __scatter_copy.o ABSOLUTE
    ../clib/angel/handlers.s                 0x00000000   Number         0  __scatter_zi.o ABSOLUTE
    ../clib/angel/kernel.s                   0x00000000   Number         0  __rtentry.o ABSOLUTE
    ../clib/angel/kernel.s                   0x00000000   Number         0  __rtentry2.o ABSOLUTE
    ../clib/angel/kernel.s                   0x00000000   Number         0  __rtentry4.o ABSOLUTE
    ../clib/angel/kernel.s                   0x00000000   Number         0  rtexit.o ABSOLUTE
    ../clib/angel/kernel.s                   0x00000000   Number         0  rtexit2.o ABSOLUTE
    ../clib/angel/rt.s                       0x00000000   Number         0  rt_raise.o ABSOLUTE
    ../clib/angel/scatter.s                  0x00000000   Number         0  __scatter.o ABSOLUTE
    ../clib/angel/startup.s                  0x00000000   Number         0  __main.o ABSOLUTE
    ../clib/angel/sys.s                      0x00000000   Number         0  sys_stackheap_outer.o ABSOLUTE
    ../clib/angel/sys.s                      0x00000000   Number         0  libspace.o ABSOLUTE
    ../clib/angel/sys.s                      0x00000000   Number         0  use_no_semi.o ABSOLUTE
    ../clib/angel/sys.s                      0x00000000   Number         0  indicate_semi.o ABSOLUTE
    ../clib/angel/sysapp.c                   0x00000000   Number         0  sys_exit.o ABSOLUTE
    ../clib/angel/sysapp.c                   0x00000000   Number         0  sys_exit_hlt.o ABSOLUTE
    ../clib/angel/sysapp.c                   0x00000000   Number         0  sys_command.o ABSOLUTE
    ../clib/angel/sysapp.c                   0x00000000   Number         0  sys_command_hlt.o ABSOLUTE
    ../clib/angel/sysapp.c                   0x00000000   Number         0  sys_wrch.o ABSOLUTE
    ../clib/angel/sysapp.c                   0x00000000   Number         0  sys_wrch_hlt.o ABSOLUTE
    ../clib/armsys.c                         0x00000000   Number         0  argv_veneer.o ABSOLUTE
    ../clib/armsys.c                         0x00000000   Number         0  argv_veneer.o ABSOLUTE
    ../clib/armsys.c                         0x00000000   Number         0  _get_argv_nomalloc.o ABSOLUTE
    ../clib/armsys.c                         0x00000000   Number         0  no_argv.o ABSOLUTE
    ../clib/heapalloc.c                      0x00000000   Number         0  hrguard.o ABSOLUTE
    ../clib/heapaux.c                        0x00000000   Number         0  heapauxi.o ABSOLUTE
    ../clib/libinit.s                        0x00000000   Number         0  libinit.o ABSOLUTE
    ../clib/libinit.s                        0x00000000   Number         0  libinit2.o ABSOLUTE
    ../clib/libinit.s                        0x00000000   Number         0  libshutdown.o ABSOLUTE
    ../clib/libinit.s                        0x00000000   Number         0  libshutdown2.o ABSOLUTE
    ../clib/printf.c                         0x00000000   Number         0  __2sprintf.o ABSOLUTE
    ../clib/printf.c                         0x00000000   Number         0  noretval__2sprintf.o ABSOLUTE
    ../clib/printf.c                         0x00000000   Number         0  __printf.o ABSOLUTE
    ../clib/printf.c                         0x00000000   Number         0  _printf_dec.o ABSOLUTE
    ../clib/printf.c                         0x00000000   Number         0  __printf_flags.o ABSOLUTE
    ../clib/printf.c                         0x00000000   Number         0  __printf_ss.o ABSOLUTE
    ../clib/printf.c                         0x00000000   Number         0  __printf_flags_ss.o ABSOLUTE
    ../clib/printf.c                         0x00000000   Number         0  __printf_wp.o ABSOLUTE
    ../clib/printf.c                         0x00000000   Number         0  __printf_flags_wp.o ABSOLUTE
    ../clib/printf.c                         0x00000000   Number         0  __printf_ss_wp.o ABSOLUTE
    ../clib/printf.c                         0x00000000   Number         0  __printf_flags_ss_wp.o ABSOLUTE
    ../clib/printf.c                         0x00000000   Number         0  _printf_intcommon.o ABSOLUTE
    ../clib/printf.c                         0x00000000   Number         0  _printf_char_common.o ABSOLUTE
    ../clib/printf.c                         0x00000000   Number         0  _sputc.o ABSOLUTE
    ../clib/printf.c                         0x00000000   Number         0  __printf_nopercent.o ABSOLUTE
    ../clib/printf_percent.s                 0x00000000   Number         0  _printf_d.o ABSOLUTE
    ../clib/printf_percent.s                 0x00000000   Number         0  _printf_percent.o ABSOLUTE
    ../clib/printf_percent.s                 0x00000000   Number         0  _printf_percent_end.o ABSOLUTE
    ../clib/signal.c                         0x00000000   Number         0  defsig_rtmem_outer.o ABSOLUTE
    ../clib/signal.c                         0x00000000   Number         0  defsig_rtmem_formal.o ABSOLUTE
    ../clib/signal.c                         0x00000000   Number         0  defsig_exit.o ABSOLUTE
    ../clib/signal.c                         0x00000000   Number         0  defsig_rtmem_inner.o ABSOLUTE
    ../clib/signal.c                         0x00000000   Number         0  __raise.o ABSOLUTE
    ../clib/signal.c                         0x00000000   Number         0  defsig_general.o ABSOLUTE
    ../clib/signal.c                         0x00000000   Number         0  defsig_abrt_inner.o ABSOLUTE
    ../clib/signal.c                         0x00000000   Number         0  defsig_fpe_inner.o ABSOLUTE
    ../clib/signal.c                         0x00000000   Number         0  defsig_rtred_inner.o ABSOLUTE
    ../clib/signal.c                         0x00000000   Number         0  defsig_stak_inner.o ABSOLUTE
    ../clib/signal.c                         0x00000000   Number         0  defsig_pvfn_inner.o ABSOLUTE
    ../clib/signal.c                         0x00000000   Number         0  defsig_cppl_inner.o ABSOLUTE
    ../clib/signal.c                         0x00000000   Number         0  defsig_segv_inner.o ABSOLUTE
    ../clib/signal.c                         0x00000000   Number         0  defsig_other.o ABSOLUTE
    ../clib/signal.s                         0x00000000   Number         0  defsig.o ABSOLUTE
    ../clib/stdlib.c                         0x00000000   Number         0  exit.o ABSOLUTE
    ../fplib/fpinit.s                        0x00000000   Number         0  fpinit.o ABSOLUTE
    RTE/Device/STM32F303K8Tx/startup_stm32f303x8.s 0x00000000   Number         0  startup_stm32f303x8.o ABSOLUTE
    dc.s                                     0x00000000   Number         0  dc.o ABSOLUTE
    main.c                                   0x00000000   Number         0  main.o ABSOLUTE
    system_stm32f3xx.c                       0x00000000   Number         0  system_stm32f3xx.o ABSOLUTE
    RESET                                    0x08000000   Section      392  startup_stm32f303x8.o(RESET)
    !!!main                                  0x08000188   Section        8  __main.o(!!!main)
    !!!scatter                               0x08000190   Section       52  __scatter.o(!!!scatter)
    !!handler_copy                           0x080001c4   Section       26  __scatter_copy.o(!!handler_copy)
    !!handler_zi                             0x080001e0   Section       28  __scatter_zi.o(!!handler_zi)
    .ARM.Collect$$_printf_percent$$00000000  0x080001fc   Section        0  _printf_percent.o(.ARM.Collect$$_printf_percent$$00000000)
    .ARM.Collect$$_printf_percent$$00000009  0x080001fc   Section        6  _printf_d.o(.ARM.Collect$$_printf_percent$$00000009)
    .ARM.Collect$$_printf_percent$$00000017  0x08000202   Section        4  _printf_percent_end.o(.ARM.Collect$$_printf_percent$$00000017)
    .ARM.Collect$$libinit$$00000000          0x08000206   Section        2  libinit.o(.ARM.Collect$$libinit$$00000000)
    .ARM.Collect$$libinit$$00000001          0x08000208   Section        4  libinit2.o(.ARM.Collect$$libinit$$00000001)
    .ARM.Collect$$libinit$$00000004          0x0800020c   Section        0  libinit2.o(.ARM.Collect$$libinit$$00000004)
    .ARM.Collect$$libinit$$0000000A          0x0800020c   Section        0  libinit2.o(.ARM.Collect$$libinit$$0000000A)
    .ARM.Collect$$libinit$$0000000C          0x0800020c   Section        0  libinit2.o(.ARM.Collect$$libinit$$0000000C)
    .ARM.Collect$$libinit$$0000000E          0x0800020c   Section        0  libinit2.o(.ARM.Collect$$libinit$$0000000E)
    .ARM.Collect$$libinit$$00000011          0x0800020c   Section        0  libinit2.o(.ARM.Collect$$libinit$$00000011)
    .ARM.Collect$$libinit$$00000013          0x0800020c   Section        0  libinit2.o(.ARM.Collect$$libinit$$00000013)
    .ARM.Collect$$libinit$$00000015          0x0800020c   Section        0  libinit2.o(.ARM.Collect$$libinit$$00000015)
    .ARM.Collect$$libinit$$00000017          0x0800020c   Section        0  libinit2.o(.ARM.Collect$$libinit$$00000017)
    .ARM.Collect$$libinit$$00000019          0x0800020c   Section        0  libinit2.o(.ARM.Collect$$libinit$$00000019)
    .ARM.Collect$$libinit$$0000001B          0x0800020c   Section        0  libinit2.o(.ARM.Collect$$libinit$$0000001B)
    .ARM.Collect$$libinit$$0000001D          0x0800020c   Section        0  libinit2.o(.ARM.Collect$$libinit$$0000001D)
    .ARM.Collect$$libinit$$0000001F          0x0800020c   Section        0  libinit2.o(.ARM.Collect$$libinit$$0000001F)
    .ARM.Collect$$libinit$$00000021          0x0800020c   Section        0  libinit2.o(.ARM.Collect$$libinit$$00000021)
    .ARM.Collect$$libinit$$00000023          0x0800020c   Section        0  libinit2.o(.ARM.Collect$$libinit$$00000023)
    .ARM.Collect$$libinit$$00000025          0x0800020c   Section        0  libinit2.o(.ARM.Collect$$libinit$$00000025)
    .ARM.Collect$$libinit$$0000002C          0x0800020c   Section        0  libinit2.o(.ARM.Collect$$libinit$$0000002C)
    .ARM.Collect$$libinit$$0000002E          0x0800020c   Section        0  libinit2.o(.ARM.Collect$$libinit$$0000002E)
    .ARM.Collect$$libinit$$00000030          0x0800020c   Section        0  libinit2.o(.ARM.Collect$$libinit$$00000030)
    .ARM.Collect$$libinit$$00000032          0x0800020c   Section        0  libinit2.o(.ARM.Collect$$libinit$$00000032)
    .ARM.Collect$$libinit$$00000033          0x0800020c   Section        2  libinit2.o(.ARM.Collect$$libinit$$00000033)
    .ARM.Collect$$libshutdown$$00000000      0x0800020e   Section        2  libshutdown.o(.ARM.Collect$$libshutdown$$00000000)
    .ARM.Collect$$libshutdown$$00000002      0x08000210   Section        0  libshutdown2.o(.ARM.Collect$$libshutdown$$00000002)
    .ARM.Collect$$libshutdown$$00000004      0x08000210   Section        0  libshutdown2.o(.ARM.Collect$$libshutdown$$00000004)
    .ARM.Collect$$libshutdown$$00000007      0x08000210   Section        0  libshutdown2.o(.ARM.Collect$$libshutdown$$00000007)
    .ARM.Collect$$libshutdown$$0000000A      0x08000210   Section        0  libshutdown2.o(.ARM.Collect$$libshutdown$$0000000A)
    .ARM.Collect$$libshutdown$$0000000C      0x08000210   Section        0  libshutdown2.o(.ARM.Collect$$libshutdown$$0000000C)
    .ARM.Collect$$libshutdown$$0000000F      0x08000210   Section        0  libshutdown2.o(.ARM.Collect$$libshutdown$$0000000F)
    .ARM.Collect$$libshutdown$$00000010      0x08000210   Section        2  libshutdown2.o(.ARM.Collect$$libshutdown$$00000010)
    .ARM.Collect$$rtentry$$00000000          0x08000212   Section        0  __rtentry.o(.ARM.Collect$$rtentry$$00000000)
    .ARM.Collect$$rtentry$$00000002          0x08000212   Section        0  __rtentry2.o(.ARM.Collect$$rtentry$$00000002)
    .ARM.Collect$$rtentry$$00000004          0x08000212   Section        6  __rtentry4.o(.ARM.Collect$$rtentry$$00000004)
    .ARM.Collect$$rtentry$$00000009          0x08000218   Section        0  __rtentry2.o(.ARM.Collect$$rtentry$$00000009)
    .ARM.Collect$$rtentry$$0000000A          0x08000218   Section        4  __rtentry2.o(.ARM.Collect$$rtentry$$0000000A)
    .ARM.Collect$$rtentry$$0000000C          0x0800021c   Section        0  __rtentry2.o(.ARM.Collect$$rtentry$$0000000C)
    .ARM.Collect$$rtentry$$0000000D          0x0800021c   Section        8  __rtentry2.o(.ARM.Collect$$rtentry$$0000000D)
    .ARM.Collect$$rtexit$$00000000           0x08000224   Section        2  rtexit.o(.ARM.Collect$$rtexit$$00000000)
    .ARM.Collect$$rtexit$$00000002           0x08000226   Section        0  rtexit2.o(.ARM.Collect$$rtexit$$00000002)
    .ARM.Collect$$rtexit$$00000003           0x08000226   Section        4  rtexit2.o(.ARM.Collect$$rtexit$$00000003)
    .ARM.Collect$$rtexit$$00000004           0x0800022a   Section        6  rtexit2.o(.ARM.Collect$$rtexit$$00000004)
    $v0                                      0x08000230   Number         0  startup_stm32f303x8.o(.text)
    .text                                    0x08000230   Section       64  startup_stm32f303x8.o(.text)
    .text                                    0x08000270   Section        0  noretval__2sprintf.o(.text)
    .text                                    0x08000298   Section        0  __printf.o(.text)
    .text                                    0x08000300   Section        0  _printf_dec.o(.text)
    .text                                    0x08000378   Section        0  heapauxi.o(.text)
    .text                                    0x0800037e   Section        0  _printf_intcommon.o(.text)
    _printf_input_char                       0x08000431   Thumb Code    10  _printf_char_common.o(.text)
    .text                                    0x08000430   Section        0  _printf_char_common.o(.text)
    .text                                    0x08000460   Section        0  _sputc.o(.text)
    .text                                    0x0800046a   Section       74  sys_stackheap_outer.o(.text)
    .text                                    0x080004b4   Section        0  exit.o(.text)
    .text                                    0x080004c8   Section        8  libspace.o(.text)
    .text                                    0x080004d0   Section        0  sys_exit.o(.text)
    .text                                    0x080004dc   Section        2  use_no_semi.o(.text)
    .text                                    0x080004de   Section        0  indicate_semi.o(.text)
    [Anonymous Symbol]                       0x080004e0   Section        0  main.o(.text.ADC1_2_IRQHandler)
    [Anonymous Symbol]                       0x080004f4   Section        0  main.o(.text.I2C_Config)
    [Anonymous Symbol]                       0x08000540   Section        0  main.o(.text.I2C_Transmit)
    [Anonymous Symbol]                       0x08000558   Section        0  main.o(.text.I2C_Write)
    [Anonymous Symbol]                       0x08000578   Section        0  main.o(.text.LDRInit)
    [Anonymous Symbol]                       0x080005e0   Section        0  main.o(.text.PWM_Init)
    [Anonymous Symbol]                       0x08000658   Section        0  main.o(.text.PWM_SetDutyCycle)
    SysTick_Config                           0x08000679   Thumb Code    36  main.o(.text.SysTick_Config)
    [Anonymous Symbol]                       0x08000678   Section        0  main.o(.text.SysTick_Config)
    [Anonymous Symbol]                       0x0800069c   Section        0  main.o(.text.SysTick_Handler)
    [Anonymous Symbol]                       0x080009f4   Section        0  system_stm32f3xx.o(.text.SystemCoreClockUpdate)
    [Anonymous Symbol]                       0x08000a5c   Section        0  system_stm32f3xx.o(.text.SystemInit)
    [Anonymous Symbol]                       0x08000acc   Section        0  main.o(.text.USART1_IRQHandler)
    [Anonymous Symbol]                       0x08000b00   Section        0  main.o(.text.USART1_Send)
    [Anonymous Symbol]                       0x08000b14   Section        0  main.o(.text.USART1_putString)
    [Anonymous Symbol]                       0x08000b30   Section        0  main.o(.text.UsartInit)
    __NVIC_EnableIRQ                         0x08000b9d   Thumb Code    32  main.o(.text.__NVIC_EnableIRQ)
    [Anonymous Symbol]                       0x08000b9c   Section        0  main.o(.text.__NVIC_EnableIRQ)
    __NVIC_SetPriority                       0x08000bbd   Thumb Code    14  main.o(.text.__NVIC_SetPriority)
    [Anonymous Symbol]                       0x08000bbc   Section        0  main.o(.text.__NVIC_SetPriority)
    [Anonymous Symbol]                       0x08000bcc   Section        0  main.o(.text.clk_config)
    [Anonymous Symbol]                       0x08000c1c   Section        0  main.o(.text.main)
    $v0                                      0x08000ee0   Number         0  fpinit.o(x$fpl$fpinit)
    x$fpl$fpinit                             0x08000ee0   Section       26  fpinit.o(x$fpl$fpinit)
    .L.str                                   0x08000f0a   Data           7  main.o(.rodata.str1.1)
    [Anonymous Symbol]                       0x08000f0a   Section        0  main.o(.rodata.str1.1)
    .L.str.10                                0x08000f11   Data          24  main.o(.rodata.str1.1)
    .L.str.5                                 0x08000f29   Data          71  main.o(.rodata.str1.1)
    .L.str.7                                 0x08000f70   Data          74  main.o(.rodata.str1.1)
    .L.str.6                                 0x08000fba   Data          63  main.o(.rodata.str1.1)
    .L.str.8                                 0x08000ff9   Data          18  main.o(.rodata.str1.1)
    .L.str.21                                0x0800100b   Data           5  main.o(.rodata.str1.1)
    .L.str.12                                0x08001010   Data          13  main.o(.rodata.str1.1)
    .L.str.9                                 0x0800101d   Data          14  main.o(.rodata.str1.1)
    .L.str.18                                0x0800102b   Data          19  main.o(.rodata.str1.1)
    .L.str.4                                 0x0800103e   Data          34  main.o(.rodata.str1.1)
    .L.str.11                                0x08001060   Data          41  main.o(.rodata.str1.1)
    .L.str.14                                0x08001089   Data          34  main.o(.rodata.str1.1)
    .L.str.13                                0x080010ab   Data          23  main.o(.rodata.str1.1)
    .L.str.17                                0x080010c2   Data          28  main.o(.rodata.str1.1)
    .L.str.1                                 0x080010de   Data          32  main.o(.rodata.str1.1)
    .L.str.2                                 0x080010fe   Data          36  main.o(.rodata.str1.1)
    .L.str.3                                 0x08001122   Data          31  main.o(.rodata.str1.1)
    .L.str.20                                0x08001141   Data           4  main.o(.rodata.str1.1)
    .bss                                     0x20000008   Section       96  libspace.o(.bss)
    Heap_Mem                                 0x20000088   Data         512  startup_stm32f303x8.o(HEAP)
    HEAP                                     0x20000088   Section      512  startup_stm32f303x8.o(HEAP)
    Stack_Mem                                0x20000288   Data        1024  startup_stm32f303x8.o(STACK)
    STACK                                    0x20000288   Section     1024  startup_stm32f303x8.o(STACK)
    __initial_sp                             0x20000688   Data           0  startup_stm32f303x8.o(STACK)

    Global Symbols

    Symbol Name                              Value     Ov Type        Size  Object(Section)

    BuildAttributes$$THM_ISAv4$E$P$D$K$B$S$7EM$VFPi3$EXTD16$VFPS$VFMA$PE$A:L22UL41UL21$X:L11$S22US41US21$IEEE1$IW$~IW$USESV6$~STKCKD$USESV7$~SHL$OTIME$ROPI$EBA8$UX$STANDARDLIB$REQ8$PRES8$EABIv2 0x00000000   Number         0  anon$$obj.o ABSOLUTE
    __ARM_exceptions_init                     - Undefined Weak Reference
    __alloca_initialize                       - Undefined Weak Reference
    __arm_preinit_                            - Undefined Weak Reference
    __cpp_initialize__aeabi_                  - Undefined Weak Reference
    __cxa_finalize                            - Undefined Weak Reference
    __rt_locale                               - Undefined Weak Reference
    __sigvec_lookup                           - Undefined Weak Reference
    _atexit_init                              - Undefined Weak Reference
    _call_atexit_fns                          - Undefined Weak Reference
    _clock_init                               - Undefined Weak Reference
    _fp_trap_init                             - Undefined Weak Reference
    _fp_trap_shutdown                         - Undefined Weak Reference
    _get_lc_collate                           - Undefined Weak Reference
    _get_lc_ctype                             - Undefined Weak Reference
    _get_lc_monetary                          - Undefined Weak Reference
    _get_lc_numeric                           - Undefined Weak Reference
    _get_lc_time                              - Undefined Weak Reference
    _getenv_init                              - Undefined Weak Reference
    _handle_redirection                       - Undefined Weak Reference
    _init_alloc                               - Undefined Weak Reference
    _init_user_alloc                          - Undefined Weak Reference
    _initio                                   - Undefined Weak Reference
    _printf_post_padding                      - Undefined Weak Reference
    _printf_pre_padding                       - Undefined Weak Reference
    _printf_truncate_signed                   - Undefined Weak Reference
    _printf_truncate_unsigned                 - Undefined Weak Reference
    _rand_init                                - Undefined Weak Reference
    _signal_finish                            - Undefined Weak Reference
    _signal_init                              - Undefined Weak Reference
    _terminate_alloc                          - Undefined Weak Reference
    _terminate_user_alloc                     - Undefined Weak Reference
    _terminateio                              - Undefined Weak Reference
    __Vectors_Size                           0x00000188   Number         0  startup_stm32f303x8.o ABSOLUTE
    __Vectors                                0x08000000   Data           4  startup_stm32f303x8.o(RESET)
    __Vectors_End                            0x08000188   Data           0  startup_stm32f303x8.o(RESET)
    __main                                   0x08000189   Thumb Code     8  __main.o(!!!main)
    __scatterload                            0x08000191   Thumb Code     0  __scatter.o(!!!scatter)
    __scatterload_rt2                        0x08000191   Thumb Code    44  __scatter.o(!!!scatter)
    __scatterload_rt2_thumb_only             0x08000191   Thumb Code     0  __scatter.o(!!!scatter)
    __scatterload_null                       0x0800019f   Thumb Code     0  __scatter.o(!!!scatter)
    __scatterload_copy                       0x080001c5   Thumb Code    26  __scatter_copy.o(!!handler_copy)
    __scatterload_zeroinit                   0x080001e1   Thumb Code    28  __scatter_zi.o(!!handler_zi)
    _printf_d                                0x080001fd   Thumb Code     0  _printf_d.o(.ARM.Collect$$_printf_percent$$00000009)
    _printf_percent                          0x080001fd   Thumb Code     0  _printf_percent.o(.ARM.Collect$$_printf_percent$$00000000)
    _printf_percent_end                      0x08000203   Thumb Code     0  _printf_percent_end.o(.ARM.Collect$$_printf_percent$$00000017)
    __rt_lib_init                            0x08000207   Thumb Code     0  libinit.o(.ARM.Collect$$libinit$$00000000)
    __rt_lib_init_fp_1                       0x08000209   Thumb Code     0  libinit2.o(.ARM.Collect$$libinit$$00000001)
    __rt_lib_init_alloca_1                   0x0800020d   Thumb Code     0  libinit2.o(.ARM.Collect$$libinit$$0000002E)
    __rt_lib_init_argv_1                     0x0800020d   Thumb Code     0  libinit2.o(.ARM.Collect$$libinit$$0000002C)
    __rt_lib_init_atexit_1                   0x0800020d   Thumb Code     0  libinit2.o(.ARM.Collect$$libinit$$0000001B)
    __rt_lib_init_clock_1                    0x0800020d   Thumb Code     0  libinit2.o(.ARM.Collect$$libinit$$00000021)
    __rt_lib_init_cpp_1                      0x0800020d   Thumb Code     0  libinit2.o(.ARM.Collect$$libinit$$00000032)
    __rt_lib_init_exceptions_1               0x0800020d   Thumb Code     0  libinit2.o(.ARM.Collect$$libinit$$00000030)
    __rt_lib_init_fp_trap_1                  0x0800020d   Thumb Code     0  libinit2.o(.ARM.Collect$$libinit$$0000001F)
    __rt_lib_init_getenv_1                   0x0800020d   Thumb Code     0  libinit2.o(.ARM.Collect$$libinit$$00000023)
    __rt_lib_init_heap_1                     0x0800020d   Thumb Code     0  libinit2.o(.ARM.Collect$$libinit$$0000000A)
    __rt_lib_init_lc_collate_1               0x0800020d   Thumb Code     0  libinit2.o(.ARM.Collect$$libinit$$00000011)
    __rt_lib_init_lc_ctype_1                 0x0800020d   Thumb Code     0  libinit2.o(.ARM.Collect$$libinit$$00000013)
    __rt_lib_init_lc_monetary_1              0x0800020d   Thumb Code     0  libinit2.o(.ARM.Collect$$libinit$$00000015)
    __rt_lib_init_lc_numeric_1               0x0800020d   Thumb Code     0  libinit2.o(.ARM.Collect$$libinit$$00000017)
    __rt_lib_init_lc_time_1                  0x0800020d   Thumb Code     0  libinit2.o(.ARM.Collect$$libinit$$00000019)
    __rt_lib_init_preinit_1                  0x0800020d   Thumb Code     0  libinit2.o(.ARM.Collect$$libinit$$00000004)
    __rt_lib_init_rand_1                     0x0800020d   Thumb Code     0  libinit2.o(.ARM.Collect$$libinit$$0000000E)
    __rt_lib_init_return                     0x0800020d   Thumb Code     0  libinit2.o(.ARM.Collect$$libinit$$00000033)
    __rt_lib_init_signal_1                   0x0800020d   Thumb Code     0  libinit2.o(.ARM.Collect$$libinit$$0000001D)
    __rt_lib_init_stdio_1                    0x0800020d   Thumb Code     0  libinit2.o(.ARM.Collect$$libinit$$00000025)
    __rt_lib_init_user_alloc_1               0x0800020d   Thumb Code     0  libinit2.o(.ARM.Collect$$libinit$$0000000C)
    __rt_lib_shutdown                        0x0800020f   Thumb Code     0  libshutdown.o(.ARM.Collect$$libshutdown$$00000000)
    __rt_lib_shutdown_cpp_1                  0x08000211   Thumb Code     0  libshutdown2.o(.ARM.Collect$$libshutdown$$00000002)
    __rt_lib_shutdown_fp_trap_1              0x08000211   Thumb Code     0  libshutdown2.o(.ARM.Collect$$libshutdown$$00000007)
    __rt_lib_shutdown_heap_1                 0x08000211   Thumb Code     0  libshutdown2.o(.ARM.Collect$$libshutdown$$0000000F)
    __rt_lib_shutdown_return                 0x08000211   Thumb Code     0  libshutdown2.o(.ARM.Collect$$libshutdown$$00000010)
    __rt_lib_shutdown_signal_1               0x08000211   Thumb Code     0  libshutdown2.o(.ARM.Collect$$libshutdown$$0000000A)
    __rt_lib_shutdown_stdio_1                0x08000211   Thumb Code     0  libshutdown2.o(.ARM.Collect$$libshutdown$$00000004)
    __rt_lib_shutdown_user_alloc_1           0x08000211   Thumb Code     0  libshutdown2.o(.ARM.Collect$$libshutdown$$0000000C)
    __rt_entry                               0x08000213   Thumb Code     0  __rtentry.o(.ARM.Collect$$rtentry$$00000000)
    __rt_entry_presh_1                       0x08000213   Thumb Code     0  __rtentry2.o(.ARM.Collect$$rtentry$$00000002)
    __rt_entry_sh                            0x08000213   Thumb Code     0  __rtentry4.o(.ARM.Collect$$rtentry$$00000004)
    __rt_entry_li                            0x08000219   Thumb Code     0  __rtentry2.o(.ARM.Collect$$rtentry$$0000000A)
    __rt_entry_postsh_1                      0x08000219   Thumb Code     0  __rtentry2.o(.ARM.Collect$$rtentry$$00000009)
    __rt_entry_main                          0x0800021d   Thumb Code     0  __rtentry2.o(.ARM.Collect$$rtentry$$0000000D)
    __rt_entry_postli_1                      0x0800021d   Thumb Code     0  __rtentry2.o(.ARM.Collect$$rtentry$$0000000C)
    __rt_exit                                0x08000225   Thumb Code     0  rtexit.o(.ARM.Collect$$rtexit$$00000000)
    __rt_exit_ls                             0x08000227   Thumb Code     0  rtexit2.o(.ARM.Collect$$rtexit$$00000003)
    __rt_exit_prels_1                        0x08000227   Thumb Code     0  rtexit2.o(.ARM.Collect$$rtexit$$00000002)
    __rt_exit_exit                           0x0800022b   Thumb Code     0  rtexit2.o(.ARM.Collect$$rtexit$$00000004)
    Reset_Handler                            0x08000231   Thumb Code     8  startup_stm32f303x8.o(.text)
    NMI_Handler                              0x08000239   Thumb Code     2  startup_stm32f303x8.o(.text)
    HardFault_Handler                        0x0800023b   Thumb Code     2  startup_stm32f303x8.o(.text)
    MemManage_Handler                        0x0800023d   Thumb Code     2  startup_stm32f303x8.o(.text)
    BusFault_Handler                         0x0800023f   Thumb Code     2  startup_stm32f303x8.o(.text)
    UsageFault_Handler                       0x08000241   Thumb Code     2  startup_stm32f303x8.o(.text)
    SVC_Handler                              0x08000243   Thumb Code     2  startup_stm32f303x8.o(.text)
    DebugMon_Handler                         0x08000245   Thumb Code     2  startup_stm32f303x8.o(.text)
    PendSV_Handler                           0x08000247   Thumb Code     2  startup_stm32f303x8.o(.text)
    CAN_RX0_IRQHandler                       0x0800024b   Thumb Code     0  startup_stm32f303x8.o(.text)
    CAN_RX1_IRQHandler                       0x0800024b   Thumb Code     0  startup_stm32f303x8.o(.text)
    CAN_SCE_IRQHandler                       0x0800024b   Thumb Code     0  startup_stm32f303x8.o(.text)
    CAN_TX_IRQHandler                        0x0800024b   Thumb Code     0  startup_stm32f303x8.o(.text)
    COMP2_IRQHandler                         0x0800024b   Thumb Code     0  startup_stm32f303x8.o(.text)
    COMP4_6_IRQHandler                       0x0800024b   Thumb Code     0  startup_stm32f303x8.o(.text)
    DMA1_Channel1_IRQHandler                 0x0800024b   Thumb Code     0  startup_stm32f303x8.o(.text)
    DMA1_Channel2_IRQHandler                 0x0800024b   Thumb Code     0  startup_stm32f303x8.o(.text)
    DMA1_Channel3_IRQHandler                 0x0800024b   Thumb Code     0  startup_stm32f303x8.o(.text)
    DMA1_Channel4_IRQHandler                 0x0800024b   Thumb Code     0  startup_stm32f303x8.o(.text)
    DMA1_Channel5_IRQHandler                 0x0800024b   Thumb Code     0  startup_stm32f303x8.o(.text)
    DMA1_Channel6_IRQHandler                 0x0800024b   Thumb Code     0  startup_stm32f303x8.o(.text)
    DMA1_Channel7_IRQHandler                 0x0800024b   Thumb Code     0  startup_stm32f303x8.o(.text)
    EXTI0_IRQHandler                         0x0800024b   Thumb Code     0  startup_stm32f303x8.o(.text)
    EXTI15_10_IRQHandler                     0x0800024b   Thumb Code     0  startup_stm32f303x8.o(.text)
    EXTI1_IRQHandler                         0x0800024b   Thumb Code     0  startup_stm32f303x8.o(.text)
    EXTI2_TSC_IRQHandler                     0x0800024b   Thumb Code     0  startup_stm32f303x8.o(.text)
    EXTI3_IRQHandler                         0x0800024b   Thumb Code     0  startup_stm32f303x8.o(.text)
    EXTI4_IRQHandler                         0x0800024b   Thumb Code     0  startup_stm32f303x8.o(.text)
    EXTI9_5_IRQHandler                       0x0800024b   Thumb Code     0  startup_stm32f303x8.o(.text)
    FLASH_IRQHandler                         0x0800024b   Thumb Code     0  startup_stm32f303x8.o(.text)
    FPU_IRQHandler                           0x0800024b   Thumb Code     0  startup_stm32f303x8.o(.text)
    I2C1_ER_IRQHandler                       0x0800024b   Thumb Code     0  startup_stm32f303x8.o(.text)
    I2C1_EV_IRQHandler                       0x0800024b   Thumb Code     0  startup_stm32f303x8.o(.text)
    PVD_IRQHandler                           0x0800024b   Thumb Code     0  startup_stm32f303x8.o(.text)
    RCC_IRQHandler                           0x0800024b   Thumb Code     0  startup_stm32f303x8.o(.text)
    RTC_Alarm_IRQHandler                     0x0800024b   Thumb Code     0  startup_stm32f303x8.o(.text)
    RTC_WKUP_IRQHandler                      0x0800024b   Thumb Code     0  startup_stm32f303x8.o(.text)
    SPI1_IRQHandler                          0x0800024b   Thumb Code     0  startup_stm32f303x8.o(.text)
    TAMP_STAMP_IRQHandler                    0x0800024b   Thumb Code     0  startup_stm32f303x8.o(.text)
    TIM1_BRK_TIM15_IRQHandler                0x0800024b   Thumb Code     0  startup_stm32f303x8.o(.text)
    TIM1_CC_IRQHandler                       0x0800024b   Thumb Code     0  startup_stm32f303x8.o(.text)
    TIM1_TRG_COM_TIM17_IRQHandler            0x0800024b   Thumb Code     0  startup_stm32f303x8.o(.text)
    TIM1_UP_TIM16_IRQHandler                 0x0800024b   Thumb Code     0  startup_stm32f303x8.o(.text)
    TIM2_IRQHandler                          0x0800024b   Thumb Code     0  startup_stm32f303x8.o(.text)
    TIM3_IRQHandler                          0x0800024b   Thumb Code     0  startup_stm32f303x8.o(.text)
    TIM6_DAC1_IRQHandler                     0x0800024b   Thumb Code     0  startup_stm32f303x8.o(.text)
    TIM7_DAC2_IRQHandler                     0x0800024b   Thumb Code     0  startup_stm32f303x8.o(.text)
    USART2_IRQHandler                        0x0800024b   Thumb Code     0  startup_stm32f303x8.o(.text)
    USART3_IRQHandler                        0x0800024b   Thumb Code     0  startup_stm32f303x8.o(.text)
    WWDG_IRQHandler                          0x0800024b   Thumb Code     0  startup_stm32f303x8.o(.text)
    __user_initial_stackheap                 0x0800024d   Thumb Code     0  startup_stm32f303x8.o(.text)
    __2sprintf                               0x08000271   Thumb Code    34  noretval__2sprintf.o(.text)
    __printf                                 0x08000299   Thumb Code   104  __printf.o(.text)
    _printf_int_dec                          0x08000301   Thumb Code   104  _printf_dec.o(.text)
    __use_two_region_memory                  0x08000379   Thumb Code     2  heapauxi.o(.text)
    __rt_heap_escrow$2region                 0x0800037b   Thumb Code     2  heapauxi.o(.text)
    __rt_heap_expand$2region                 0x0800037d   Thumb Code     2  heapauxi.o(.text)
    _printf_int_common                       0x0800037f   Thumb Code   178  _printf_intcommon.o(.text)
    _printf_char_common                      0x0800043b   Thumb Code    32  _printf_char_common.o(.text)
    _sputc                                   0x08000461   Thumb Code    10  _sputc.o(.text)
    __user_setup_stackheap                   0x0800046b   Thumb Code    74  sys_stackheap_outer.o(.text)
    exit                                     0x080004b5   Thumb Code    18  exit.o(.text)
    __user_libspace                          0x080004c9   Thumb Code     8  libspace.o(.text)
    __user_perproc_libspace                  0x080004c9   Thumb Code     0  libspace.o(.text)
    __user_perthread_libspace                0x080004c9   Thumb Code     0  libspace.o(.text)
    _sys_exit                                0x080004d1   Thumb Code     8  sys_exit.o(.text)
    __I$use$semihosting                      0x080004dd   Thumb Code     0  use_no_semi.o(.text)
    __use_no_semihosting_swi                 0x080004dd   Thumb Code     2  use_no_semi.o(.text)
    __semihosting_library_function           0x080004df   Thumb Code     0  indicate_semi.o(.text)
    ADC1_2_IRQHandler                        0x080004e1   Thumb Code    20  main.o(.text.ADC1_2_IRQHandler)
    I2C_Config                               0x080004f5   Thumb Code    76  main.o(.text.I2C_Config)
    I2C_Transmit                             0x08000541   Thumb Code    24  main.o(.text.I2C_Transmit)
    I2C_Write                                0x08000559   Thumb Code    30  main.o(.text.I2C_Write)
    LDRInit                                  0x08000579   Thumb Code   104  main.o(.text.LDRInit)
    PWM_Init                                 0x080005e1   Thumb Code   120  main.o(.text.PWM_Init)
    PWM_SetDutyCycle                         0x08000659   Thumb Code    32  main.o(.text.PWM_SetDutyCycle)
    SysTick_Handler                          0x0800069d   Thumb Code   856  main.o(.text.SysTick_Handler)
    SystemCoreClockUpdate                    0x080009f5   Thumb Code   104  system_stm32f3xx.o(.text.SystemCoreClockUpdate)
    SystemInit                               0x08000a5d   Thumb Code   112  system_stm32f3xx.o(.text.SystemInit)
    USART1_IRQHandler                        0x08000acd   Thumb Code    52  main.o(.text.USART1_IRQHandler)
    USART1_Send                              0x08000b01   Thumb Code    18  main.o(.text.USART1_Send)
    USART1_putString                         0x08000b15   Thumb Code    28  main.o(.text.USART1_putString)
    UsartInit                                0x08000b31   Thumb Code   108  main.o(.text.UsartInit)
    clk_config                               0x08000bcd   Thumb Code    80  main.o(.text.clk_config)
    main                                     0x08000c1d   Thumb Code   708  main.o(.text.main)
    _fp_init                                 0x08000ee1   Thumb Code    26  fpinit.o(x$fpl$fpinit)
    __fplib_config_fpu_vfp                   0x08000ef9   Thumb Code     0  fpinit.o(x$fpl$fpinit)
    __fplib_config_pureend_doubles           0x08000ef9   Thumb Code     0  fpinit.o(x$fpl$fpinit)
    AHBPrescTable                            0x08000efa   Data          16  system_stm32f3xx.o(.rodata.AHBPrescTable)
    Region$$Table$$Base                      0x08001148   Number         0  anon$$obj.o(Region$$Table)
    Region$$Table$$Limit                     0x08001168   Number         0  anon$$obj.o(Region$$Table)
    SystemCoreClock                          0x20000000   Data           4  system_stm32f3xx.o(.data.SystemCoreClock)
    espera                                   0x20000004   Data           1  main.o(.data.espera)
    __libspace_start                         0x20000008   Data          96  libspace.o(.bss)
    __temporary_stack_top$libspace           0x20000068   Data           0  libspace.o(.bss)
    buf                                      0x20000068   Data           7  main.o(.bss.buf)
    escribiendo                              0x2000006f   Data           1  main.o(.bss.escribiendo)
    msTicks                                  0x20000070   Data           4  main.o(.bss.msTicks)
    msTicks2                                 0x20000074   Data           4  main.o(.bss.msTicks2)
    nLetra                                   0x20000078   Data           1  main.o(.bss.nLetra)
    nuevo                                    0x20000079   Data           1  main.o(.bss.nuevo)
    temp                                     0x2000007c   Data           4  main.o(.bss.temp)
    uart_data                                0x20000080   Data           1  main.o(.bss.uart_data)



==============================================================================

Memory Map of the image

  Image Entry point : 0x08000231

  Load Region LR_1 (Base: 0x08000000, Size: 0x00001170, Max: 0xffffffff, ABSOLUTE)

    Execution Region ER_RO (Exec base: 0x08000000, Load base: 0x08000000, Size: 0x00001168, Max: 0xffffffff, ABSOLUTE)

    Exec Addr    Load Addr    Size         Type   Attr      Idx    E Section Name        Object

    0x08000000   0x08000000   0x00000188   Data   RO           61    RESET               startup_stm32f303x8.o
    0x08000188   0x08000188   0x00000008   Code   RO          117  * !!!main             c_w.l(__main.o)
    0x08000190   0x08000190   0x00000034   Code   RO          289    !!!scatter          c_w.l(__scatter.o)
    0x080001c4   0x080001c4   0x0000001a   Code   RO          291    !!handler_copy      c_w.l(__scatter_copy.o)
    0x080001de   0x080001de   0x00000002   PAD
    0x080001e0   0x080001e0   0x0000001c   Code   RO          293    !!handler_zi        c_w.l(__scatter_zi.o)
    0x080001fc   0x080001fc   0x00000000   Code   RO          114    .ARM.Collect$$_printf_percent$$00000000  c_w.l(_printf_percent.o)
    0x080001fc   0x080001fc   0x00000006   Code   RO          113    .ARM.Collect$$_printf_percent$$00000009  c_w.l(_printf_d.o)
    0x08000202   0x08000202   0x00000004   Code   RO          126    .ARM.Collect$$_printf_percent$$00000017  c_w.l(_printf_percent_end.o)
    0x08000206   0x08000206   0x00000002   Code   RO          153    .ARM.Collect$$libinit$$00000000  c_w.l(libinit.o)
    0x08000208   0x08000208   0x00000004   Code   RO          159    .ARM.Collect$$libinit$$00000001  c_w.l(libinit2.o)
    0x0800020c   0x0800020c   0x00000000   Code   RO          162    .ARM.Collect$$libinit$$00000004  c_w.l(libinit2.o)
    0x0800020c   0x0800020c   0x00000000   Code   RO          165    .ARM.Collect$$libinit$$0000000A  c_w.l(libinit2.o)
    0x0800020c   0x0800020c   0x00000000   Code   RO          167    .ARM.Collect$$libinit$$0000000C  c_w.l(libinit2.o)
    0x0800020c   0x0800020c   0x00000000   Code   RO          169    .ARM.Collect$$libinit$$0000000E  c_w.l(libinit2.o)
    0x0800020c   0x0800020c   0x00000000   Code   RO          172    .ARM.Collect$$libinit$$00000011  c_w.l(libinit2.o)
    0x0800020c   0x0800020c   0x00000000   Code   RO          174    .ARM.Collect$$libinit$$00000013  c_w.l(libinit2.o)
    0x0800020c   0x0800020c   0x00000000   Code   RO          176    .ARM.Collect$$libinit$$00000015  c_w.l(libinit2.o)
    0x0800020c   0x0800020c   0x00000000   Code   RO          178    .ARM.Collect$$libinit$$00000017  c_w.l(libinit2.o)
    0x0800020c   0x0800020c   0x00000000   Code   RO          180    .ARM.Collect$$libinit$$00000019  c_w.l(libinit2.o)
    0x0800020c   0x0800020c   0x00000000   Code   RO          182    .ARM.Collect$$libinit$$0000001B  c_w.l(libinit2.o)
    0x0800020c   0x0800020c   0x00000000   Code   RO          184    .ARM.Collect$$libinit$$0000001D  c_w.l(libinit2.o)
    0x0800020c   0x0800020c   0x00000000   Code   RO          186    .ARM.Collect$$libinit$$0000001F  c_w.l(libinit2.o)
    0x0800020c   0x0800020c   0x00000000   Code   RO          188    .ARM.Collect$$libinit$$00000021  c_w.l(libinit2.o)
    0x0800020c   0x0800020c   0x00000000   Code   RO          190    .ARM.Collect$$libinit$$00000023  c_w.l(libinit2.o)
    0x0800020c   0x0800020c   0x00000000   Code   RO          192    .ARM.Collect$$libinit$$00000025  c_w.l(libinit2.o)
    0x0800020c   0x0800020c   0x00000000   Code   RO          196    .ARM.Collect$$libinit$$0000002C  c_w.l(libinit2.o)
    0x0800020c   0x0800020c   0x00000000   Code   RO          198    .ARM.Collect$$libinit$$0000002E  c_w.l(libinit2.o)
    0x0800020c   0x0800020c   0x00000000   Code   RO          200    .ARM.Collect$$libinit$$00000030  c_w.l(libinit2.o)
    0x0800020c   0x0800020c   0x00000000   Code   RO          202    .ARM.Collect$$libinit$$00000032  c_w.l(libinit2.o)
    0x0800020c   0x0800020c   0x00000002   Code   RO          203    .ARM.Collect$$libinit$$00000033  c_w.l(libinit2.o)
    0x0800020e   0x0800020e   0x00000002   Code   RO          225    .ARM.Collect$$libshutdown$$00000000  c_w.l(libshutdown.o)
    0x08000210   0x08000210   0x00000000   Code   RO          240    .ARM.Collect$$libshutdown$$00000002  c_w.l(libshutdown2.o)
    0x08000210   0x08000210   0x00000000   Code   RO          242    .ARM.Collect$$libshutdown$$00000004  c_w.l(libshutdown2.o)
    0x08000210   0x08000210   0x00000000   Code   RO          245    .ARM.Collect$$libshutdown$$00000007  c_w.l(libshutdown2.o)
    0x08000210   0x08000210   0x00000000   Code   RO          248    .ARM.Collect$$libshutdown$$0000000A  c_w.l(libshutdown2.o)
    0x08000210   0x08000210   0x00000000   Code   RO          250    .ARM.Collect$$libshutdown$$0000000C  c_w.l(libshutdown2.o)
    0x08000210   0x08000210   0x00000000   Code   RO          253    .ARM.Collect$$libshutdown$$0000000F  c_w.l(libshutdown2.o)
    0x08000210   0x08000210   0x00000002   Code   RO          254    .ARM.Collect$$libshutdown$$00000010  c_w.l(libshutdown2.o)
    0x08000212   0x08000212   0x00000000   Code   RO          119    .ARM.Collect$$rtentry$$00000000  c_w.l(__rtentry.o)
    0x08000212   0x08000212   0x00000000   Code   RO          128    .ARM.Collect$$rtentry$$00000002  c_w.l(__rtentry2.o)
    0x08000212   0x08000212   0x00000006   Code   RO          140    .ARM.Collect$$rtentry$$00000004  c_w.l(__rtentry4.o)
    0x08000218   0x08000218   0x00000000   Code   RO          130    .ARM.Collect$$rtentry$$00000009  c_w.l(__rtentry2.o)
    0x08000218   0x08000218   0x00000004   Code   RO          131    .ARM.Collect$$rtentry$$0000000A  c_w.l(__rtentry2.o)
    0x0800021c   0x0800021c   0x00000000   Code   RO          133    .ARM.Collect$$rtentry$$0000000C  c_w.l(__rtentry2.o)
    0x0800021c   0x0800021c   0x00000008   Code   RO          134    .ARM.Collect$$rtentry$$0000000D  c_w.l(__rtentry2.o)
    0x08000224   0x08000224   0x00000002   Code   RO          157    .ARM.Collect$$rtexit$$00000000  c_w.l(rtexit.o)
    0x08000226   0x08000226   0x00000000   Code   RO          205    .ARM.Collect$$rtexit$$00000002  c_w.l(rtexit2.o)
    0x08000226   0x08000226   0x00000004   Code   RO          206    .ARM.Collect$$rtexit$$00000003  c_w.l(rtexit2.o)
    0x0800022a   0x0800022a   0x00000006   Code   RO          207    .ARM.Collect$$rtexit$$00000004  c_w.l(rtexit2.o)
    0x08000230   0x08000230   0x00000040   Code   RO           62  * .text               startup_stm32f303x8.o
    0x08000270   0x08000270   0x00000028   Code   RO           87    .text               c_w.l(noretval__2sprintf.o)
    0x08000298   0x08000298   0x00000068   Code   RO           89    .text               c_w.l(__printf.o)
    0x08000300   0x08000300   0x00000078   Code   RO           91    .text               c_w.l(_printf_dec.o)
    0x08000378   0x08000378   0x00000006   Code   RO          115    .text               c_w.l(heapauxi.o)
    0x0800037e   0x0800037e   0x000000b2   Code   RO          120    .text               c_w.l(_printf_intcommon.o)
    0x08000430   0x08000430   0x00000030   Code   RO          122    .text               c_w.l(_printf_char_common.o)
    0x08000460   0x08000460   0x0000000a   Code   RO          124    .text               c_w.l(_sputc.o)
    0x0800046a   0x0800046a   0x0000004a   Code   RO          144    .text               c_w.l(sys_stackheap_outer.o)
    0x080004b4   0x080004b4   0x00000012   Code   RO          146    .text               c_w.l(exit.o)
    0x080004c6   0x080004c6   0x00000002   PAD
    0x080004c8   0x080004c8   0x00000008   Code   RO          154    .text               c_w.l(libspace.o)
    0x080004d0   0x080004d0   0x0000000c   Code   RO          215    .text               c_w.l(sys_exit.o)
    0x080004dc   0x080004dc   0x00000002   Code   RO          230    .text               c_w.l(use_no_semi.o)
    0x080004de   0x080004de   0x00000000   Code   RO          232    .text               c_w.l(indicate_semi.o)
    0x080004de   0x080004de   0x00000002   PAD
    0x080004e0   0x080004e0   0x00000014   Code   RO           20    .text.ADC1_2_IRQHandler  main.o
    0x080004f4   0x080004f4   0x0000004c   Code   RO           28    .text.I2C_Config    main.o
    0x08000540   0x08000540   0x00000018   Code   RO           24    .text.I2C_Transmit  main.o
    0x08000558   0x08000558   0x0000001e   Code   RO           22    .text.I2C_Write     main.o
    0x08000576   0x08000576   0x00000002   PAD
    0x08000578   0x08000578   0x00000068   Code   RO           18    .text.LDRInit       main.o
    0x080005e0   0x080005e0   0x00000078   Code   RO           16    .text.PWM_Init      main.o
    0x08000658   0x08000658   0x00000020   Code   RO            8    .text.PWM_SetDutyCycle  main.o
    0x08000678   0x08000678   0x00000024   Code   RO           32    .text.SysTick_Config  main.o
    0x0800069c   0x0800069c   0x00000358   Code   RO           26    .text.SysTick_Handler  main.o
    0x080009f4   0x080009f4   0x00000068   Code   RO           71    .text.SystemCoreClockUpdate  system_stm32f3xx.o
    0x08000a5c   0x08000a5c   0x00000070   Code   RO           69    .text.SystemInit    system_stm32f3xx.o
    0x08000acc   0x08000acc   0x00000034   Code   RO           14    .text.USART1_IRQHandler  main.o
    0x08000b00   0x08000b00   0x00000012   Code   RO           10    .text.USART1_Send   main.o
    0x08000b12   0x08000b12   0x00000002   PAD
    0x08000b14   0x08000b14   0x0000001c   Code   RO           12    .text.USART1_putString  main.o
    0x08000b30   0x08000b30   0x0000006c   Code   RO            4    .text.UsartInit     main.o
    0x08000b9c   0x08000b9c   0x00000020   Code   RO            6    .text.__NVIC_EnableIRQ  main.o
    0x08000bbc   0x08000bbc   0x0000000e   Code   RO           34    .text.__NVIC_SetPriority  main.o
    0x08000bca   0x08000bca   0x00000002   PAD
    0x08000bcc   0x08000bcc   0x00000050   Code   RO            2    .text.clk_config    main.o
    0x08000c1c   0x08000c1c   0x000002c4   Code   RO           30    .text.main          main.o
    0x08000ee0   0x08000ee0   0x0000001a   Code   RO          213    x$fpl$fpinit        fz_wm.l(fpinit.o)
    0x08000efa   0x08000efa   0x00000010   Data   RO           74    .rodata.AHBPrescTable  system_stm32f3xx.o
    0x08000f0a   0x08000f0a   0x0000023b   Data   RO           45    .rodata.str1.1      main.o
    0x08001145   0x08001145   0x00000003   PAD
    0x08001148   0x08001148   0x00000020   Data   RO          288    Region$$Table       anon$$obj.o


    Execution Region ER_RW (Exec base: 0x20000000, Load base: 0x08001168, Size: 0x00000008, Max: 0xffffffff, ABSOLUTE)

    Exec Addr    Load Addr    Size         Type   Attr      Idx    E Section Name        Object

    0x20000000   0x08001168   0x00000004   Data   RW           73    .data.SystemCoreClock  system_stm32f3xx.o
    0x20000004   0x0800116c   0x00000001   Data   RW           44    .data.espera        main.o


    Execution Region ER_ZI (Exec base: 0x20000008, Load base: 0x08001170, Size: 0x00000680, Max: 0xffffffff, ABSOLUTE)

    Exec Addr    Load Addr    Size         Type   Attr      Idx    E Section Name        Object

    0x20000008        -       0x00000060   Zero   RW          155    .bss                c_w.l(libspace.o)
    0x20000068        -       0x00000007   Zero   RW           46    .bss.buf            main.o
    0x2000006f        -       0x00000001   Zero   RW           40    .bss.escribiendo    main.o
    0x20000070        -       0x00000004   Zero   RW           36    .bss.msTicks        main.o
    0x20000074        -       0x00000004   Zero   RW           37    .bss.msTicks2       main.o
    0x20000078        -       0x00000001   Zero   RW           41    .bss.nLetra         main.o
    0x20000079        -       0x00000001   Zero   RW           39    .bss.nuevo          main.o
    0x2000007a   0x08001170   0x00000002   PAD
    0x2000007c        -       0x00000004   Zero   RW           38    .bss.temp           main.o
    0x20000080        -       0x00000001   Zero   RW           43    .bss.uart_data      main.o
    0x20000081   0x08001170   0x00000007   PAD
    0x20000088        -       0x00000200   Zero   RW           60    HEAP                startup_stm32f303x8.o
    0x20000288        -       0x00000400   Zero   RW           59    STACK               startup_stm32f303x8.o


==============================================================================

Image component sizes


      Code (inc. data)   RO Data    RW Data    ZI Data      Debug   Object Name

      2338        338        571          1         23       8792   main.o
        64         26        392          0       1536        928   startup_stm32f303x8.o
       216          0         16          4          0       2367   system_stm32f3xx.o

    ----------------------------------------------------------------------
      2624        364       1014          8       1568      12087   Object Totals
         0          0         32          0          0          0   (incl. Generated)
         6          0          3          3          9          0   (incl. Padding)

    ----------------------------------------------------------------------

      Code (inc. data)   RO Data    RW Data    ZI Data      Debug   Library Member Name

         8          0          0          0          0         68   __main.o
       104          0          0          0          0         84   __printf.o
         0          0          0          0          0          0   __rtentry.o
        12          0          0          0          0          0   __rtentry2.o
         6          0          0          0          0          0   __rtentry4.o
        52          8          0          0          0          0   __scatter.o
        26          0          0          0          0          0   __scatter_copy.o
        28          0          0          0          0          0   __scatter_zi.o
        48          6          0          0          0         96   _printf_char_common.o
         6          0          0          0          0          0   _printf_d.o
       120         16          0          0          0         92   _printf_dec.o
       178          0          0          0          0         88   _printf_intcommon.o
         0          0          0          0          0          0   _printf_percent.o
         4          0          0          0          0          0   _printf_percent_end.o
        10          0          0          0          0         68   _sputc.o
        18          0          0          0          0         80   exit.o
         6          0          0          0          0        152   heapauxi.o
         0          0          0          0          0          0   indicate_semi.o
         2          0          0          0          0          0   libinit.o
         6          0          0          0          0          0   libinit2.o
         2          0          0          0          0          0   libshutdown.o
         2          0          0          0          0          0   libshutdown2.o
         8          4          0          0         96         68   libspace.o
        40          6          0          0          0         84   noretval__2sprintf.o
         2          0          0          0          0          0   rtexit.o
        10          0          0          0          0          0   rtexit2.o
        12          4          0          0          0         68   sys_exit.o
        74          0          0          0          0         80   sys_stackheap_outer.o
         2          0          0          0          0         68   use_no_semi.o
        26          0          0          0          0        116   fpinit.o

    ----------------------------------------------------------------------
       818         44          0          0         96       1212   Library Totals
         6          0          0          0          0          0   (incl. Padding)

    ----------------------------------------------------------------------

      Code (inc. data)   RO Data    RW Data    ZI Data      Debug   Library Name

       786         44          0          0         96       1096   c_w.l
        26          0          0          0          0        116   fz_wm.l

    ----------------------------------------------------------------------
       818         44          0          0         96       1212   Library Totals

    ----------------------------------------------------------------------

==============================================================================


      Code (inc. data)   RO Data    RW Data    ZI Data      Debug   

      3442        408       1014          8       1664      12815   Grand Totals
      3442        408       1014          8       1664      12815   ELF Image Totals
      3442        408       1014          8          0          0   ROM Totals

==============================================================================

    Total RO  Size (Code + RO Data)                 4456 (   4.35kB)
    Total RW  Size (RW Data + ZI Data)              1672 (   1.63kB)
    Total ROM Size (Code + RO Data + RW Data)       4464 (   4.36kB)

==============================================================================

